../Core/Src/main.c:90:5:main	232	static
../Core/Src/main.c:198:6:SystemClock_Config	88	static
../Core/Src/main.c:245:13:MX_NVIC_Init	8	static
../Core/Src/main.c:263:13:MX_ADC1_Init	56	static
../Core/Src/main.c:331:13:MX_I2C2_Init	8	static
../Core/Src/main.c:379:13:MX_RTC_Init	8	static
../Core/Src/main.c:416:13:MX_TIM3_Init	56	static
../Core/Src/main.c:465:13:MX_TIM15_Init	40	static
../Core/Src/main.c:511:13:MX_GPIO_Init	40	static
../Core/Src/main.c:579:6:Error_Handler	4	static,ignoring_inline_asm
