../Core/Src/main.c:90:5:main	232	static
../Core/Src/main.c:201:6:SystemClock_Config	88	static
../Core/Src/main.c:248:13:MX_NVIC_Init	8	static
../Core/Src/main.c:266:13:MX_ADC1_Init	56	static
../Core/Src/main.c:334:13:MX_I2C2_Init	8	static
../Core/Src/main.c:382:13:MX_RTC_Init	8	static
../Core/Src/main.c:419:13:MX_TIM3_Init	56	static
../Core/Src/main.c:468:13:MX_TIM15_Init	40	static
../Core/Src/main.c:514:13:MX_GPIO_Init	40	static
../Core/Src/main.c:592:6:Error_Handler	4	static,ignoring_inline_asm
