../Core/Src/main.c:114:5:main	112	static
../Core/Src/main.c:278:6:SystemClock_Config	88	static
../Core/Src/main.c:325:13:MX_NVIC_Init	8	static
../Core/Src/main.c:343:13:MX_ADC1_Init	56	static
../Core/Src/main.c:411:13:MX_I2C2_Init	8	static
../Core/Src/main.c:459:13:MX_RTC_Init	8	static
../Core/Src/main.c:496:13:MX_TIM15_Init	40	static
../Core/Src/main.c:542:13:MX_GPIO_Init	40	static
../Core/Src/main.c:566:6:LIS3DH_write	24	static
../Core/Src/main.c:580:6:LIS3DH_read_accel	24	static
../Core/Src/main.c:600:6:LIS3DH_init	24	static
../Core/Src/main.c:660:6:LIS3DH_read_temp	24	static
../Core/Src/main.c:713:6:Error_Handler	4	static,ignoring_inline_asm
