Archive member included to satisfy reference by file (symbol)

C:/ST/STM32CubeIDE_2.1.1/STM32CubeIDE/plugins/com.st.stm32cube.ide.mcu.externaltools.gnu-tools-for-stm32.14.3.rel1.win32_1.0.100.202602081740/tools/bin/../lib/gcc/arm-none-eabi/14.3.1/../../../../arm-none-eabi/lib/thumb/v7e-m+fp/hard\libc_nano.a(libc_a-exit.o)
                              C:/ST/STM32CubeIDE_2.1.1/STM32CubeIDE/plugins/com.st.stm32cube.ide.mcu.externaltools.gnu-tools-for-stm32.14.3.rel1.win32_1.0.100.202602081740/tools/bin/../lib/gcc/arm-none-eabi/14.3.1/../../../../arm-none-eabi/lib/thumb/v7e-m+fp/hard/crt0.o (exit)
C:/ST/STM32CubeIDE_2.1.1/STM32CubeIDE/plugins/com.st.stm32cube.ide.mcu.externaltools.gnu-tools-for-stm32.14.3.rel1.win32_1.0.100.202602081740/tools/bin/../lib/gcc/arm-none-eabi/14.3.1/../../../../arm-none-eabi/lib/thumb/v7e-m+fp/hard\libc_nano.a(libc_a-strtoll.o)
                              ./Core/Src/jsonParser.o (strtoll)
C:/ST/STM32CubeIDE_2.1.1/STM32CubeIDE/plugins/com.st.stm32cube.ide.mcu.externaltools.gnu-tools-for-stm32.14.3.rel1.win32_1.0.100.202602081740/tools/bin/../lib/gcc/arm-none-eabi/14.3.1/../../../../arm-none-eabi/lib/thumb/v7e-m+fp/hard\libc_nano.a(libc_a-ctype_.o)
                              ./Core/Src/jsonParser.o (_ctype_)
C:/ST/STM32CubeIDE_2.1.1/STM32CubeIDE/plugins/com.st.stm32cube.ide.mcu.externaltools.gnu-tools-for-stm32.14.3.rel1.win32_1.0.100.202602081740/tools/bin/../lib/gcc/arm-none-eabi/14.3.1/../../../../arm-none-eabi/lib/thumb/v7e-m+fp/hard\libc_nano.a(libc_a-nano-vfprintf_float.o)
                              (_printf_float)
C:/ST/STM32CubeIDE_2.1.1/STM32CubeIDE/plugins/com.st.stm32cube.ide.mcu.externaltools.gnu-tools-for-stm32.14.3.rel1.win32_1.0.100.202602081740/tools/bin/../lib/gcc/arm-none-eabi/14.3.1/../../../../arm-none-eabi/lib/thumb/v7e-m+fp/hard\libc_nano.a(libc_a-nano-vfprintf_i.o)
                              C:/ST/STM32CubeIDE_2.1.1/STM32CubeIDE/plugins/com.st.stm32cube.ide.mcu.externaltools.gnu-tools-for-stm32.14.3.rel1.win32_1.0.100.202602081740/tools/bin/../lib/gcc/arm-none-eabi/14.3.1/../../../../arm-none-eabi/lib/thumb/v7e-m+fp/hard\libc_nano.a(libc_a-nano-vfprintf_float.o) (_printf_common)
C:/ST/STM32CubeIDE_2.1.1/STM32CubeIDE/plugins/com.st.stm32cube.ide.mcu.externaltools.gnu-tools-for-stm32.14.3.rel1.win32_1.0.100.202602081740/tools/bin/../lib/gcc/arm-none-eabi/14.3.1/../../../../arm-none-eabi/lib/thumb/v7e-m+fp/hard\libc_nano.a(libc_a-findfp.o)
                              C:/ST/STM32CubeIDE_2.1.1/STM32CubeIDE/plugins/com.st.stm32cube.ide.mcu.externaltools.gnu-tools-for-stm32.14.3.rel1.win32_1.0.100.202602081740/tools/bin/../lib/gcc/arm-none-eabi/14.3.1/../../../../arm-none-eabi/lib/thumb/v7e-m+fp/hard\libc_nano.a(libc_a-exit.o) (__stdio_exit_handler)
C:/ST/STM32CubeIDE_2.1.1/STM32CubeIDE/plugins/com.st.stm32cube.ide.mcu.externaltools.gnu-tools-for-stm32.14.3.rel1.win32_1.0.100.202602081740/tools/bin/../lib/gcc/arm-none-eabi/14.3.1/../../../../arm-none-eabi/lib/thumb/v7e-m+fp/hard\libc_nano.a(libc_a-fwalk.o)
                              C:/ST/STM32CubeIDE_2.1.1/STM32CubeIDE/plugins/com.st.stm32cube.ide.mcu.externaltools.gnu-tools-for-stm32.14.3.rel1.win32_1.0.100.202602081740/tools/bin/../lib/gcc/arm-none-eabi/14.3.1/../../../../arm-none-eabi/lib/thumb/v7e-m+fp/hard\libc_nano.a(libc_a-findfp.o) (_fwalk_sglue)
C:/ST/STM32CubeIDE_2.1.1/STM32CubeIDE/plugins/com.st.stm32cube.ide.mcu.externaltools.gnu-tools-for-stm32.14.3.rel1.win32_1.0.100.202602081740/tools/bin/../lib/gcc/arm-none-eabi/14.3.1/../../../../arm-none-eabi/lib/thumb/v7e-m+fp/hard\libc_nano.a(libc_a-snprintf.o)
                              ./Core/Src/json-maker.o (snprintf)
C:/ST/STM32CubeIDE_2.1.1/STM32CubeIDE/plugins/com.st.stm32cube.ide.mcu.externaltools.gnu-tools-for-stm32.14.3.rel1.win32_1.0.100.202602081740/tools/bin/../lib/gcc/arm-none-eabi/14.3.1/../../../../arm-none-eabi/lib/thumb/v7e-m+fp/hard\libc_nano.a(libc_a-stdio.o)
                              C:/ST/STM32CubeIDE_2.1.1/STM32CubeIDE/plugins/com.st.stm32cube.ide.mcu.externaltools.gnu-tools-for-stm32.14.3.rel1.win32_1.0.100.202602081740/tools/bin/../lib/gcc/arm-none-eabi/14.3.1/../../../../arm-none-eabi/lib/thumb/v7e-m+fp/hard\libc_nano.a(libc_a-findfp.o) (__sread)
C:/ST/STM32CubeIDE_2.1.1/STM32CubeIDE/plugins/com.st.stm32cube.ide.mcu.externaltools.gnu-tools-for-stm32.14.3.rel1.win32_1.0.100.202602081740/tools/bin/../lib/gcc/arm-none-eabi/14.3.1/../../../../arm-none-eabi/lib/thumb/v7e-m+fp/hard\libc_nano.a(libc_a-vsnprintf.o)
                              ./Core/Src/main.o (vsnprintf)
C:/ST/STM32CubeIDE_2.1.1/STM32CubeIDE/plugins/com.st.stm32cube.ide.mcu.externaltools.gnu-tools-for-stm32.14.3.rel1.win32_1.0.100.202602081740/tools/bin/../lib/gcc/arm-none-eabi/14.3.1/../../../../arm-none-eabi/lib/thumb/v7e-m+fp/hard\libc_nano.a(libc_a-memset.o)
[...]
Memory Configuration

Name             Origin             Length             Attributes
RAM              0x20000000         0x00008000         xrw
FLASH            0x08000000         0x00020000         xr
*default*        0x00000000         0xffffffff

Linker script and memory map

LOAD C:/ST/STM32CubeIDE_2.1.1/STM32CubeIDE/plugins/com.st.stm32cube.ide.mcu.externaltools.gnu-tools-for-stm32.14.3.rel1.win32_1.0.100.202602081740/tools/bin/../lib/gcc/arm-none-eabi/14.3.1/thumb/v7e-m+fp/hard/crti.o
LOAD C:/ST/STM32CubeIDE_2.1.1/STM32CubeIDE/plugins/com.st.stm32cube.ide.mcu.externaltools.gnu-tools-for-stm32.14.3.rel1.win32_1.0.100.202602081740/tools/bin/../lib/gcc/arm-none-eabi/14.3.1/thumb/v7e-m+fp/hard/crtbegin.o
LOAD C:/ST/STM32CubeIDE_2.1.1/STM32CubeIDE/plugins/com.st.stm32cube.ide.mcu.externaltools.gnu-tools-for-stm32.14.3.rel1.win32_1.0.100.202602081740/tools/bin/../lib/gcc/arm-none-eabi/14.3.1/../../../../arm-none-eabi/lib/thumb/v7e-m+fp/hard/crt0.o
LOAD ./Core/Src/DAC7578.o
LOAD ./Core/Src/NTC.o
LOAD ./Core/Src/OLED.o
LOAD ./Core/Src/TCA9555.o
LOAD ./Core/Src/alldata.o
LOAD ./Core/Src/dma.o
LOAD ./Core/Src/gpio.o
LOAD ./Core/Src/i2c.o
LOAD ./Core/Src/json-maker.o
LOAD ./Core/Src/jsonParser.o
LOAD ./Core/Src/main.o
LOAD ./Core/Src/mcp4728.o
LOAD ./Core/Src/stm32g4xx_hal_msp.o
LOAD ./Core/Src/stm32g4xx_it.o
LOAD ./Core/Src/syscalls.o
LOAD ./Core/Src/sysmem.o
LOAD ./Core/Src/system_stm32g4xx.o
LOAD ./Core/Src/tim.o
LOAD ./Core/Src/tiny-json.o
LOAD ./Core/Src/usart.o
LOAD ./Core/Startup/startup_stm32g431kbtx.o
LOAD ./Drivers/BSP/STM32G4xx_Nucleo/stm32g4xx_nucleo.o
LOAD ./Drivers/STM32G4xx_HAL_Driver/Src/stm32g4xx_hal.o
LOAD ./Drivers/STM32G4xx_HAL_Driver/Src/stm32g4xx_hal_adc.o
LOAD ./Drivers/STM32G4xx_HAL_Driver/Src/stm32g4xx_hal_adc_ex.o
LOAD ./Drivers/STM32G4xx_HAL_Driver/Src/stm32g4xx_hal_cortex.o
LOAD ./Drivers/STM32G4xx_HAL_Driver/Src/stm32g4xx_hal_dma.o
LOAD ./Drivers/STM32G4xx_HAL_Driver/Src/stm32g4xx_hal_dma_ex.o
LOAD ./Drivers/STM32G4xx_HAL_Driver/Src/stm32g4xx_hal_exti.o
LOAD ./Drivers/STM32G4xx_HAL_Driver/Src/stm32g4xx_hal_flash.o
LOAD ./Drivers/STM32G4xx_HAL_Driver/Src/stm32g4xx_hal_flash_ex.o
LOAD ./Drivers/STM32G4xx_HAL_Driver/Src/stm32g4xx_hal_flash_ramfunc.o
LOAD ./Drivers/STM32G4xx_HAL_Driver/Src/stm32g4xx_hal_gpio.o
LOAD ./Drivers/STM32G4xx_HAL_Driver/Src/stm32g4xx_hal_i2c.o
LOAD ./Drivers/STM32G4xx_HAL_Driver/Src/stm32g4xx_hal_i2c_ex.o
LOAD ./Drivers/STM32G4xx_HAL_Driver/Src/stm32g4xx_hal_pwr.o
LOAD ./Drivers/STM32G4xx_HAL_Driver/Src/stm32g4xx_hal_pwr_ex.o
LOAD ./Drivers/STM32G4xx_HAL_Driver/Src/stm32g4xx_hal_rcc.o
LOAD ./Drivers/STM32G4xx_HAL_Driver/Src/stm32g4xx_hal_rcc_ex.o
LOAD ./Drivers/STM32G4xx_HAL_Driver/Src/stm32g4xx_hal_rtc.o
LOAD ./Drivers/STM32G4xx_HAL_Driver/Src/stm32g4xx_hal_rtc_ex.o
LOAD ./Drivers/STM32G4xx_HAL_Driver/Src/stm32g4xx_hal_tim.o
LOAD ./Drivers/STM32G4xx_HAL_Driver/Src/stm32g4xx_hal_tim_ex.o
LOAD ./Drivers/STM32G4xx_HAL_Driver/Src/stm32g4xx_hal_uart.o
LOAD ./Drivers/STM32G4xx_HAL_Driver/Src/stm32g4xx_hal_uart_ex.o
LOAD ./Drivers/STM32G4xx_HAL_Driver/Src/stm32g4xx_hal_usart.o
LOAD ./Drivers/STM32G4xx_HAL_Driver/Src/stm32g4xx_hal_usart_ex.o
LOAD ./Drivers/STM32G4xx_HAL_Driver/Src/stm32g4xx_ll_adc.o
START GROUP
LOAD C:/ST/STM32CubeIDE_2.1.1/STM32CubeIDE/plugins/com.st.stm32cube.ide.mcu.externaltools.gnu-tools-for-stm32.14.3.rel1.win32_1.0.100.202602081740/tools/bin/../lib/gcc/arm-none-eabi/14.3.1/../../../../arm-none-eabi/lib/thumb/v7e-m+fp/hard\libc_nano.a
LOAD C:/ST/STM32CubeIDE_2.1.1/STM32CubeIDE/plugins/com.st.stm32cube.ide.mcu.externaltools.gnu-tools-for-stm32.14.3.rel1.win32_1.0.100.202602081740/tools/bin/../lib/gcc/arm-none-eabi/14.3.1/../../../../arm-none-eabi/lib/thumb/v7e-m+fp/hard\libm.a
END GROUP
START GROUP
LOAD C:/ST/STM32CubeIDE_2.1.1/STM32CubeIDE/plugins/com.st.stm32cube.ide.mcu.externaltools.gnu-tools-for-stm32.14.3.rel1.win32_1.0.100.202602081740/tools/bin/../lib/gcc/arm-none-eabi/14.3.1/thumb/v7e-m+fp/hard\libgcc.a
LOAD C:/ST/STM32CubeIDE_2.1.1/STM32CubeIDE/plugins/com.st.stm32cube.ide.mcu.externaltools.gnu-tools-for-stm32.14.3.rel1.win32_1.0.100.202602081740/tools/bin/../lib/gcc/arm-none-eabi/14.3.1/../../../../arm-none-eabi/lib/thumb/v7e-m+fp/hard\libc_nano.a
END GROUP
START GROUP
LOAD C:/ST/STM32CubeIDE_2.1.1/STM32CubeIDE/plugins/com.st.stm32cube.ide.mcu.externaltools.gnu-tools-for-stm32.14.3.rel1.win32_1.0.100.202602081740/tools/bin/../lib/gcc/arm-none-eabi/14.3.1/thumb/v7e-m+fp/hard\libgcc.a
LOAD C:/ST/STM32CubeIDE_2.1.1/STM32CubeIDE/plugins/com.st.stm32cube.ide.mcu.externaltools.gnu-tools-for-stm32.14.3.rel1.win32_1.0.100.202602081740/tools/bin/../lib/gcc/arm-none-eabi/14.3.1/../../../../arm-none-eabi/lib/thumb/v7e-m+fp/hard\libc_nano.a
LOAD C:/ST/STM32CubeIDE_2.1.1/STM32CubeIDE/plugins/com.st.stm32cube.ide.mcu.externaltools.gnu-tools-for-stm32.14.3.rel1.win32_1.0.100.202602081740/tools/bin/../lib/gcc/arm-none-eabi/14.3.1/../../../../arm-none-eabi/lib/thumb/v7e-m+fp/hard\libnosys.a
END GROUP
START GROUP
LOAD C:/ST/STM32CubeIDE_2.1.1/STM32CubeIDE/plugins/com.st.stm32cube.ide.mcu.externaltools.gnu-tools-for-stm32.14.3.rel1.win32_1.0.100.202602081740/tools/bin/../lib/gcc/arm-none-eabi/14.3.1/thumb/v7e-m+fp/hard\libgcc.a
LOAD C:/ST/STM32CubeIDE_2.1.1/STM32CubeIDE/plugins/com.st.stm32cube.ide.mcu.externaltools.gnu-tools-for-stm32.14.3.rel1.win32_1.0.100.202602081740/tools/bin/../lib/gcc/arm-none-eabi/14.3.1/../../../../arm-none-eabi/lib/thumb/v7e-m+fp/hard\libc_nano.a
LOAD C:/ST/STM32CubeIDE_2.1.1/STM32CubeIDE/plugins/com.st.stm32cube.ide.mcu.externaltools.gnu-tools-for-stm32.14.3.rel1.win32_1.0.100.202602081740/tools/bin/../lib/gcc/arm-none-eabi/14.3.1/../../../../arm-none-eabi/lib/thumb/v7e-m+fp/hard\libnosys.a
END GROUP
LOAD C:/ST/STM32CubeIDE_2.1.1/STM32CubeIDE/plugins/com.st.stm32cube.ide.mcu.externaltools.gnu-tools-for-stm32.14.3.rel1.win32_1.0.100.202602081740/tools/bin/../lib/gcc/arm-none-eabi/14.3.1/thumb/v7e-m+fp/hard/crtend.o
LOAD C:/ST/STM32CubeIDE_2.1.1/STM32CubeIDE/plugins/com.st.stm32cube.ide.mcu.externaltools.gnu-tools-for-stm32.14.3.rel1.win32_1.0.100.202602081740/tools/bin/../lib/gcc/arm-none-eabi/14.3.1/thumb/v7e-m+fp/hard/crtn.o
                0x20008000                        _estack = (ORIGIN (RAM) + LENGTH (RAM))
                0x00000200                        _Min_Heap_Size = 0x200
                0x00000400                        _Min_Stack_Size = 0x400

.isr_vector     0x08000000      0x1d8
                0x08000000                        . = ALIGN (0x4)
 *(.isr_vector)
 .isr_vector    0x08000000      0x1d8 ./Core/Startup/startup_stm32g431kbtx.o
                0x08000000                g_pfnVectors
                0x080001d8                        . = ALIGN (0x4)

.text           0x080001e0    0x124c8
                0x080001e0                        . = ALIGN (0x4)
 *(.text)
 .text          0x080001e0       0x40 C:/ST/STM32CubeIDE_2.1.1/STM32CubeIDE/plugins/com.st.stm32cube.ide.mcu.externaltools.gnu-tools-for-stm32.14.3.rel1.win32_1.0.100.202602081740/tools/bin/../lib/gcc/arm-none-eabi/14.3.1/thumb/v7e-m+fp/hard/crtbegin.o
 .text          0x08000220       0x14 C:/ST/STM32CubeIDE_2.1.1/STM32CubeIDE/plugins/com.st.stm32cube.ide.mcu.externaltools.gnu-tools-for-stm32.14.3.rel1.win32_1.0.100.202602081740/tools/bin/../lib/gcc/arm-none-eabi/14.3.1/../../../../arm-none-eabi/lib/thumb/v7e-m+fp/hard\libc_nano.a(libc_a-strcmp.o)
                0x08000220                strcmp
 *fill*         0x08000234        0xc 
 .text          0x08000240       0xa0 C:/ST/STM32CubeIDE_2.1.1/STM32CubeIDE/plugins/com.st.stm32cube.ide.mcu.externaltools.gnu-tools-for-stm32.14.3.rel1.win32_1.0.100.202602081740/tools/bin/../lib/gcc/arm-none-eabi/14.3.1/../../../../arm-none-eabi/lib/thumb/v7e-m+fp/hard\libc_nano.a(libc_a-memchr.o)
                0x08000240                memchr
 .text          0x080002e0       0x10 C:/ST/STM32CubeIDE_2.1.1/STM32CubeIDE/plugins/com.st.stm32cube.ide.mcu.externaltools.gnu-tools-for-stm32.14.3.rel1.win32_1.0.100.202602081740/tools/bin/../lib/gcc/arm-none-eabi/14.3.1/../../../../arm-none-eabi/lib/thumb/v7e-m+fp/hard\libc_nano.a(libc_a-strlen.o)
                0x080002e0                strlen
 .text          0x080002f0      0x378 C:/ST/STM32CubeIDE_2.1.1/STM32CubeIDE/plugins/com.st.stm32cube.ide.mcu.externaltools.gnu-tools-for-stm32.14.3.rel1.win32_1.0.100.202602081740/tools/bin/../lib/gcc/arm-none-eabi/14.3.1/thumb/v7e-m+fp/hard\libgcc.a(_arm_addsubdf3.o)
                0x080002f0                __aeabi_drsub
                0x080002f8                __aeabi_dsub
                0x080002f8                __subdf3
                0x080002fc                __aeabi_dadd
                0x080002fc                __adddf3
                0x08000574                __floatunsidf
                0x08000574                __aeabi_ui2d
                0x08000594                __floatsidf
                0x08000594                __aeabi_i2d
                0x080005b8                __aeabi_f2d
                0x080005b8                __extendsfdf2
                0x080005fc                __floatundidf
                0x080005fc                __aeabi_ul2d
                0x0800060c                __floatdidf
                0x0800060c                __aeabi_l2d
 .text          0x08000668      0x424 C:/ST/STM32CubeIDE_2.1.1/STM32CubeIDE/plugins/com.st.stm32cube.ide.mcu.externaltools.gnu-tools-for-stm32.14.3.rel1.win32_1.0.100.202602081740/tools/bin/../lib/gcc/arm-none-eabi/14.3.1/thumb/v7e-m+fp/hard\libgcc.a(_arm_muldivdf3.o)
                0x08000668                __aeabi_dmul
                0x08000668                __muldf3
                0x080008bc                __divdf3
                0x080008bc                __aeabi_ddiv
 .text          0x08000a8c      0x110 C:/ST/STM32CubeIDE_2.1.1/STM32CubeIDE/plugins/com.st.stm32cube.ide.mcu.externaltools.gnu-tools-for-stm32.14.3.rel1.win32_1.0.100.202602081740/tools/bin/../lib/gcc/arm-none-eabi/14.3.1/thumb/v7e-m+fp/hard\libgcc.a(_arm_cmpdf2.o)
                0x08000a8c                __gtdf2
                0x08000a8c                __gedf2
                0x08000a94                __ltdf2
                0x08000a94                __ledf2
                0x08000a9c                __nedf2
                0x08000a9c                __eqdf2
                0x08000a9c                __cmpdf2
                0x08000b18                __aeabi_cdrcmple
                0x08000b28                __aeabi_cdcmpeq
                0x08000b28                __aeabi_cdcmple
                0x08000b38                __aeabi_dcmpeq
                0x08000b4c                __aeabi_dcmplt
                0x08000b60                __aeabi_dcmple
                0x08000b74                __aeabi_dcmpge
                0x08000b88                __aeabi_dcmpgt
 .text          0x08000b9c       0x2c C:/ST/STM32CubeIDE_2.1.1/STM32CubeIDE/plugins/com.st.stm32cube.ide.mcu.externaltools.gnu-tools-for-stm32.14.3.rel1.win32_1.0.100.202602081740/tools/bin/../lib/gcc/arm-none-eabi/14.3.1/thumb/v7e-m+fp/hard\libgcc.a(_arm_unorddf2.o)
                0x08000b9c                __unorddf2
                0x08000b9c                __aeabi_dcmpun
 .text          0x08000bc8       0x50 C:/ST/STM32CubeIDE_2.1.1/STM32CubeIDE/plugins/com.st.stm32cube.ide.mcu.externaltools.gnu-tools-for-stm32.14.3.rel1.win32_1.0.100.202602081740/tools/bin/../lib/gcc/arm-none-eabi/14.3.1/thumb/v7e-m+fp/hard\libgcc.a(_arm_fixdfsi.o)
                0x08000bc8                __aeabi_d2iz
                0x08000bc8                __fixdfsi
 .text          0x08000c18       0x30 C:/ST/STM32CubeIDE_2.1.1/STM32CubeIDE/plugins/com.st.stm32cube.ide.mcu.externaltools.gnu-tools-for-stm32.14.3.rel1.win32_1.0.100.202602081740/tools/bin/../lib/gcc/arm-none-eabi/14.3.1/thumb/v7e-m+fp/hard\libgcc.a(_aeabi_uldivmod.o)
                0x08000c18                __aeabi_uldivmod
 .text          0x08000c48      0x2f8 C:/ST/STM32CubeIDE_2.1.1/STM32CubeIDE/plugins/com.st.stm32cube.ide.mcu.externaltools.gnu-tools-for-stm32.14.3.rel1.win32_1.0.100.202602081740/tools/bin/../lib/gcc/arm-none-eabi/14.3.1/thumb/v7e-m+fp/hard\libgcc.a(_udivmoddi4.o)
                0x08000c48                __udivmoddi4
 .text          0x08000f40        0x4 C:/ST/STM32CubeIDE_2.1.1/STM32CubeIDE/plugins/com.st.stm32cube.ide.mcu.externaltools.gnu-tools-for-stm32.14.3.rel1.win32_1.0.100.202602081740/tools/bin/../lib/gcc/arm-none-eabi/14.3.1/thumb/v7e-m+fp/hard\libgcc.a(_dvmd_tls.o)
                0x08000f40                __aeabi_idiv0
                0x08000f40                __aeabi_ldiv0
 *(.text*)
 .text.DAC7578_Write_SingleChannel
                0x08000f44       0x5a ./Core/Src/DAC7578.o
                0x08000f44                DAC7578_Write_SingleChannel
 .text.DAC7578_Write_AllChannel
                0x08000f9e       0x94 ./Core/Src/DAC7578.o
                0x08000f9e                DAC7578_Write_AllChannel
 *fill*         0x08001032        0x2 
 .text.ntc_to_adc
                0x08001034       0xe0 ./Core/Src/NTC.o
                0x08001034                ntc_to_adc
 .text.OLED_command
                0x08001114       0x48 ./Core/Src/OLED.o
                0x08001114                OLED_command
 .text.OLED_data
                0x0800115c       0x48 ./Core/Src/OLED.o
                0x0800115c                OLED_data
 .text.OLED_Set_Pos
                0x080011a4       0x68 ./Core/Src/OLED.o
                0x080011a4                OLED_Set_Pos
 .text.OLED_Fill
                0x0800120c       0x72 ./Core/Src/OLED.o
                0x0800120c                OLED_Fill
 .text.OLED_CLS
                0x0800127e       0x6e ./Core/Src/OLED.o
                0x0800127e                OLED_CLS
 .text.SetAddressingMode
                0x080012ec       0x30 ./Core/Src/OLED.o
                0x080012ec                SetAddressingMode
 .text.SetStartLine
                0x0800131c       0x2a ./Core/Src/OLED.o
                0x0800131c                SetStartLine
 .text.SetContrastControl
                0x08001346       0x30 ./Core/Src/OLED.o
                0x08001346                SetContrastControl
 .text.Set_Charge_Pump
                0x08001376       0x36 ./Core/Src/OLED.o
                0x08001376                Set_Charge_Pump
 .text.Set_Segment_Remap
                0x080013ac       0x2a ./Core/Src/OLED.o
                0x080013ac                Set_Segment_Remap
 .text.Set_Entire_Display
                0x080013d6       0x2a ./Core/Src/OLED.o
                0x080013d6                Set_Entire_Display
 .text.Set_Inverse_Display
                0x08001400       0x2a ./Core/Src/OLED.o
                0x08001400                Set_Inverse_Display
 .text.Set_Multiplex_Ratio
                0x0800142a       0x30 ./Core/Src/OLED.o
                0x0800142a                Set_Multiplex_Ratio
 .text.Set_Display_On_Off
                0x0800145a       0x2a ./Core/Src/OLED.o
                0x0800145a                Set_Display_On_Off
 .text.Set_Common_Remap
                0x08001484       0x2a ./Core/Src/OLED.o
                0x08001484                Set_Common_Remap
 .text.Set_Display_Offset
                0x080014ae       0x30 ./Core/Src/OLED.o
                0x080014ae                Set_Display_Offset
 .text.Set_Display_Clock
                0x080014de       0x30 ./Core/Src/OLED.o
                0x080014de                Set_Display_Clock
 .text.Set_Precharge_Period
                0x0800150e       0x30 ./Core/Src/OLED.o
                0x0800150e                Set_Precharge_Period
 .text.Set_Common_Config
                0x0800153e       0x36 ./Core/Src/OLED.o
                0x0800153e                Set_Common_Config
 .text.Set_VCOMH
                0x08001574       0x30 ./Core/Src/OLED.o
                0x08001574                Set_VCOMH
 .text.OLED_Init
                0x080015a4       0xf2 ./Core/Src/OLED.o
                0x080015a4                OLED_Init
 *fill*         0x08001696        0x2 
 .text.OLED_P6x8Char
                0x08001698       0x84 ./Core/Src/OLED.o
                0x08001698                OLED_P6x8Char
 .text.OLED_P6x8Str
                0x0800171c       0xbc ./Core/Src/OLED.o
                0x0800171c                OLED_P6x8Str
 .text.OLED_P8x16Str
                0x080017d8       0xd8 ./Core/Src/OLED.o
                0x080017d8                OLED_P8x16Str
 .text.OLED_PrintValueUC
                0x080018b0       0xf0 ./Core/Src/OLED.o
                0x080018b0                OLED_PrintValueUC
 .text.OLED_PrintValueH1
                0x080019a0       0x3e ./Core/Src/OLED.o
                0x080019a0                OLED_PrintValueH1
 *fill*         0x080019de        0x2 
 .text.OLED_PrintValueI
                0x080019e0      0x230 ./Core/Src/OLED.o
                0x080019e0                OLED_PrintValueI
 .text.OLED_PrintValueI3
                0x08001c10      0x16c ./Core/Src/OLED.o
                0x08001c10                OLED_PrintValueI3
 .text.TCA9555_All_Output_Init
                0x08001d7c       0xa0 ./Core/Src/TCA9555.o
                0x08001d7c                TCA9555_All_Output_Init
 .text.TCA9555_Write_AllOutput
                0x08001e1c      0x1d8 ./Core/Src/TCA9555.o
                0x08001e1c                TCA9555_Write_AllOutput
 .text.MX_DMA_Init
                0x08001ff4       0x64 ./Core/Src/dma.o
                0x08001ff4                MX_DMA_Init
 .text.MX_GPIO_Init
                0x08002058       0xb4 ./Core/Src/gpio.o
                0x08002058                MX_GPIO_Init
 .text.MX_I2C1_Init
                0x0800210c       0x80 ./Core/Src/i2c.o
                0x0800210c                MX_I2C1_Init
 .text.MX_I2C3_Init
                0x0800218c       0x80 ./Core/Src/i2c.o
                0x0800218c                MX_I2C3_Init
 .text.HAL_I2C_MspInit
                0x0800220c      0x1a8 ./Core/Src/i2c.o
                0x0800220c                HAL_I2C_MspInit
 .text.chtoa    0x080023b4       0x40 ./Core/Src/json-maker.o
 .text.atoa     0x080023f4       0x50 ./Core/Src/json-maker.o
 .text.json_objOpen
                0x08002444       0x54 ./Core/Src/json-maker.o
                0x08002444                json_objOpen
 .text.json_objClose
                0x08002498       0x3c ./Core/Src/json-maker.o
                0x08002498                json_objClose
 .text.json_arrOpen
                0x080024d4       0x54 ./Core/Src/json-maker.o
                0x080024d4                json_arrOpen
 .text.json_arrClose
                0x08002528       0x3c ./Core/Src/json-maker.o
                0x08002528                json_arrClose
 .text.strname  0x08002564       0x44 ./Core/Src/json-maker.o
 .text.nibbletoch
                0x080025a8       0x24 ./Core/Src/json-maker.o
 .text.escape   0x080025cc       0x48 ./Core/Src/json-maker.o
 .text.atoesc   0x08002614      0x19c ./Core/Src/json-maker.o
 .text.json_nstr
                0x080027b0       0x44 ./Core/Src/json-maker.o
                0x080027b0                json_nstr
 .text.primitivename
                0x080027f4       0x48 ./Core/Src/json-maker.o
 .text.json_end
                0x0800283c       0x3a ./Core/Src/json-maker.o
                0x0800283c                json_end
 *fill*         0x08002876        0x2 
 .text.json_int
                0x08002878       0x6c ./Core/Src/json-maker.o
                0x08002878                json_int
 .text.json_getValue
                0x080028e4       0x18 ./Core/Src/jsonParser.o
 .text.json_getType
                0x080028fc       0x18 ./Core/Src/jsonParser.o
 .text.json_getInteger
                0x08002914       0x24 ./Core/Src/jsonParser.o
 .text.json_str
                0x08002938       0x2a ./Core/Src/jsonParser.o
 *fill*         0x08002962        0x2 
 .text.toLowercaseN
                0x08002964       0x68 ./Core/Src/jsonParser.o
                0x08002964                toLowercaseN
 .text.createResponse
                0x080029cc       0xe4 ./Core/Src/jsonParser.o
 .text.addIntId
                0x08002ab0       0x64 ./Core/Src/jsonParser.o
 .text.getHelp  0x08002b14       0x8c ./Core/Src/jsonParser.o
                0x08002b14                getHelp
 .text.jsonParse
                0x08002ba0      0x174 ./Core/Src/jsonParser.o
                0x08002ba0                jsonParse
 .text.getAll   0x08002d14      0x3c8 ./Core/Src/jsonParser.o
                0x08002d14                getAll
 .text.setOne   0x080030dc      0x3f8 ./Core/Src/jsonParser.o
                0x080030dc                setOne
 .text.setPwmOut
                0x080034d4       0x20 ./Core/Src/main.o
                0x080034d4                setPwmOut
 .text.HAL_UARTEx_RxEventCallback
                0x080034f4       0x70 ./Core/Src/main.o
                0x080034f4                HAL_UARTEx_RxEventCallback
 .text.main     0x08003564      0x7dc ./Core/Src/main.o
                0x08003564                main
 .text.SystemClock_Config
                0x08003d40       0x96 ./Core/Src/main.o
                0x08003d40                SystemClock_Config
 .text.Error_Handler
                0x08003dd6        0xc ./Core/Src/main.o
                0x08003dd6                Error_Handler
 .text.assert_failed
                0x08003de2       0x16 ./Core/Src/main.o
                0x08003de2                assert_failed
 .text.HAL_MspInit
                0x08003df8       0x48 ./Core/Src/stm32g4xx_hal_msp.o
                0x08003df8                HAL_MspInit
 .text.NMI_Handler
                0x08003e40        0x8 ./Core/Src/stm32g4xx_it.o
                0x08003e40                NMI_Handler
 .text.HardFault_Handler
                0x08003e48        0x8 ./Core/Src/stm32g4xx_it.o
                0x08003e48                HardFault_Handler
 .text.MemManage_Handler
                0x08003e50        0x8 ./Core/Src/stm32g4xx_it.o
                0x08003e50                MemManage_Handler
 .text.BusFault_Handler
                0x08003e58        0x8 ./Core/Src/stm32g4xx_it.o
                0x08003e58                BusFault_Handler
 .text.UsageFault_Handler
                0x08003e60        0x8 ./Core/Src/stm32g4xx_it.o
                0x08003e60                UsageFault_Handler
 .text.SVC_Handler
                0x08003e68        0xe ./Core/Src/stm32g4xx_it.o
                0x08003e68                SVC_Handler
 .text.DebugMon_Handler
                0x08003e76        0xe ./Core/Src/stm32g4xx_it.o
                0x08003e76                DebugMon_Handler
 .text.PendSV_Handler
                0x08003e84        0xe ./Core/Src/stm32g4xx_it.o
                0x08003e84                PendSV_Handler
 .text.SysTick_Handler
                0x08003e92        0xc ./Core/Src/stm32g4xx_it.o
                0x08003e92                SysTick_Handler
 *fill*         0x08003e9e        0x2 
 .text.DMA1_Channel1_IRQHandler
                0x08003ea0       0x14 ./Core/Src/stm32g4xx_it.o
                0x08003ea0                DMA1_Channel1_IRQHandler
 .text.DMA1_Channel2_IRQHandler
                0x08003eb4       0x14 ./Core/Src/stm32g4xx_it.o
                0x08003eb4                DMA1_Channel2_IRQHandler
 .text.TIM3_IRQHandler
                0x08003ec8       0x14 ./Core/Src/stm32g4xx_it.o
                0x08003ec8                TIM3_IRQHandler
 .text.TIM4_IRQHandler
                0x08003edc       0x14 ./Core/Src/stm32g4xx_it.o
                0x08003edc                TIM4_IRQHandler
 .text.USART2_IRQHandler
                0x08003ef0       0x14 ./Core/Src/stm32g4xx_it.o
                0x08003ef0                USART2_IRQHandler
 .text.TIM8_CC_IRQHandler
                0x08003f04       0x14 ./Core/Src/stm32g4xx_it.o
                0x08003f04                TIM8_CC_IRQHandler
 .text._getpid  0x08003f18       0x10 ./Core/Src/syscalls.o
                0x08003f18                _getpid
 .text._kill    0x08003f28       0x20 ./Core/Src/syscalls.o
                0x08003f28                _kill
 .text._exit    0x08003f48       0x16 ./Core/Src/syscalls.o
                0x08003f48                _exit
 .text._read    0x08003f5e       0x3a ./Core/Src/syscalls.o
                0x08003f5e                _read
 .text._write   0x08003f98       0x38 ./Core/Src/syscalls.o
                0x08003f98                _write
 .text._close   0x08003fd0       0x18 ./Core/Src/syscalls.o
                0x08003fd0                _close
 .text._fstat   0x08003fe8       0x20 ./Core/Src/syscalls.o
                0x08003fe8                _fstat
 .text._isatty  0x08004008       0x16 ./Core/Src/syscalls.o
                0x08004008                _isatty
 .text._lseek   0x0800401e       0x1a ./Core/Src/syscalls.o
                0x0800401e                _lseek
 .text._sbrk    0x08004038       0x6c ./Core/Src/sysmem.o
                0x08004038                _sbrk
 .text.SystemInit
                0x080040a4       0x24 ./Core/Src/system_stm32g4xx.o
                0x080040a4                SystemInit
 .text.MX_TIM1_Init
                0x080040c8      0x160 ./Core/Src/tim.o
                0x080040c8                MX_TIM1_Init
 .text.MX_TIM2_Init
                0x08004228       0xac ./Core/Src/tim.o
                0x08004228                MX_TIM2_Init
 .text.MX_TIM3_Init
                0x080042d4      0x13c ./Core/Src/tim.o
                0x080042d4                MX_TIM3_Init
 .text.MX_TIM4_Init
                0x08004410      0x13c ./Core/Src/tim.o
                0x08004410                MX_TIM4_Init
 .text.MX_TIM8_Init
                0x0800454c      0x148 ./Core/Src/tim.o
                0x0800454c                MX_TIM8_Init
 .text.HAL_TIM_Base_MspInit
                0x08004694      0x1a4 ./Core/Src/tim.o
                0x08004694                HAL_TIM_Base_MspInit
 .text.HAL_TIM_Encoder_MspInit
                0x08004838       0x80 ./Core/Src/tim.o
                0x08004838                HAL_TIM_Encoder_MspInit
 .text.HAL_TIM_MspPostInit
                0x080048b8       0x70 ./Core/Src/tim.o
                0x080048b8                HAL_TIM_MspPostInit
 .text.HAL_TIM_IC_CaptureCallback
                0x08004928      0x100 ./Core/Src/tim.o
                0x08004928                HAL_TIM_IC_CaptureCallback
 .text.whatDutyIs
                0x08004a28       0x24 ./Core/Src/tim.o
                0x08004a28                whatDutyIs
 .text.whatFrequencyIs
                0x08004a4c       0x24 ./Core/Src/tim.o
                0x08004a4c                whatFrequencyIs
 .text.whatLastCaptureIs
                0x08004a70       0x24 ./Core/Src/tim.o
                0x08004a70                whatLastCaptureIs
 .text.json_getProperty
                0x08004a94       0x46 ./Core/Src/tiny-json.o
                0x08004a94                json_getProperty
 .text.json_createWithPool
                0x08004ada       0x68 ./Core/Src/tiny-json.o
                0x08004ada                json_createWithPool
 *fill*         0x08004b42        0x2 
 .text.json_create
                0x08004b44       0x3c ./Core/Src/tiny-json.o
                0x08004b44                json_create
 .text.getEscape
                0x08004b80       0x48 ./Core/Src/tiny-json.o
 .text.getCharFromUnicode
                0x08004bc8       0x48 ./Core/Src/tiny-json.o
 .text.parseString
                0x08004c10       0xae ./Core/Src/tiny-json.o
 .text.propertyName
                0x08004cbe       0x5a ./Core/Src/tiny-json.o
 .text.textValue
                0x08004d18       0x3c ./Core/Src/tiny-json.o
 .text.checkStr
                0x08004d54       0x3a ./Core/Src/tiny-json.o
 .text.primitiveValue
                0x08004d8e       0x50 ./Core/Src/tiny-json.o
 *fill*         0x08004dde        0x2 
 .text.trueValue
                0x08004de0       0x24 ./Core/Src/tiny-json.o
 .text.falseValue
                0x08004e04       0x24 ./Core/Src/tiny-json.o
 .text.nullValue
                0x08004e28       0x24 ./Core/Src/tiny-json.o
 .text.expValue
                0x08004e4c       0x54 ./Core/Src/tiny-json.o
 .text.fraqValue
                0x08004ea0       0x48 ./Core/Src/tiny-json.o
 .text.numValue
                0x08004ee8      0x174 ./Core/Src/tiny-json.o
 .text.add      0x0800505c       0x40 ./Core/Src/tiny-json.o
 .text.objValue
                0x0800509c      0x224 ./Core/Src/tiny-json.o
 .text.poolInit
                0x080052c0       0x24 ./Core/Src/tiny-json.o
 .text.poolAlloc
                0x080052e4       0x42 ./Core/Src/tiny-json.o
 .text.isOneOfThem
                0x08005326       0x36 ./Core/Src/tiny-json.o
 .text.goWhile  0x0800535c       0x40 ./Core/Src/tiny-json.o
 .text.goBlank  0x0800539c       0x20 ./Core/Src/tiny-json.o
 .text.goNum    0x080053bc       0x44 ./Core/Src/tiny-json.o
 .text.setToNull
                0x08005400       0x3c ./Core/Src/tiny-json.o
 .text.isEndOfPrimitive
                0x0800543c       0x50 ./Core/Src/tiny-json.o
 .text.MX_USART2_UART_Init
                0x0800548c       0x98 ./Core/Src/usart.o
                0x0800548c                MX_USART2_UART_Init
 .text.HAL_UART_MspInit
                0x08005524      0x178 ./Core/Src/usart.o
                0x08005524                HAL_UART_MspInit
 .text.Reset_Handler
                0x0800569c       0x50 ./Core/Startup/startup_stm32g431kbtx.o
                0x0800569c                Reset_Handler
 .text.Default_Handler
                0x080056ec        0x2 ./Core/Startup/startup_stm32g431kbtx.o
                0x080056ec                RTC_Alarm_IRQHandler
                0x080056ec                EXTI2_IRQHandler
                0x080056ec                TIM8_TRG_COM_IRQHandler
                0x080056ec                TIM1_CC_IRQHandler
                0x080056ec                USB_HP_IRQHandler
                0x080056ec                CORDIC_IRQHandler
                0x080056ec                EXTI3_IRQHandler
                0x080056ec                I2C3_ER_IRQHandler
                0x080056ec                EXTI0_IRQHandler
                0x080056ec                I2C2_EV_IRQHandler
                0x080056ec                FPU_IRQHandler
                0x080056ec                FDCAN1_IT1_IRQHandler
                0x080056ec                TIM1_UP_TIM16_IRQHandler
                0x080056ec                ADC1_2_IRQHandler
                0x080056ec                SPI1_IRQHandler
                0x080056ec                TIM6_DAC_IRQHandler
                0x080056ec                TIM8_UP_IRQHandler
                0x080056ec                DMA2_Channel2_IRQHandler
                0x080056ec                DMA1_Channel4_IRQHandler
                0x080056ec                USART3_IRQHandler
                0x080056ec                DMA2_Channel1_IRQHandler
                0x080056ec                I2C1_EV_IRQHandler
                0x080056ec                DMA1_Channel6_IRQHandler
                0x080056ec                UART4_IRQHandler
                0x080056ec                DMA2_Channel4_IRQHandler
                0x080056ec                RCC_IRQHandler
                0x080056ec                Default_Handler
                0x080056ec                RTC_TAMP_LSECSS_IRQHandler
                0x080056ec                FMAC_IRQHandler
                0x080056ec                EXTI15_10_IRQHandler
                0x080056ec                TIM7_IRQHandler
                0x080056ec                UCPD1_IRQHandler
                0x080056ec                I2C3_EV_IRQHandler
                0x080056ec                EXTI9_5_IRQHandler
                0x080056ec                RTC_WKUP_IRQHandler
                0x080056ec                PVD_PVM_IRQHandler
                0x080056ec                SPI2_IRQHandler
                0x080056ec                DMA2_Channel5_IRQHandler
                0x080056ec                CRS_IRQHandler
                0x080056ec                DMA1_Channel5_IRQHandler
                0x080056ec                USB_LP_IRQHandler
                0x080056ec                EXTI4_IRQHandler
                0x080056ec                RNG_IRQHandler
                0x080056ec                TIM1_TRG_COM_TIM17_IRQHandler
                0x080056ec                DMA1_Channel3_IRQHandler
                0x080056ec                WWDG_IRQHandler
                0x080056ec                LPUART1_IRQHandler
                0x080056ec                DMA2_Channel6_IRQHandler
                0x080056ec                FDCAN1_IT0_IRQHandler
                0x080056ec                TIM2_IRQHandler
                0x080056ec                COMP1_2_3_IRQHandler
                0x080056ec                EXTI1_IRQHandler
                0x080056ec                I2C2_ER_IRQHandler
                0x080056ec                TIM8_BRK_IRQHandler
                0x080056ec                FLASH_IRQHandler
                0x080056ec                USART1_IRQHandler
                0x080056ec                SPI3_IRQHandler
                0x080056ec                I2C1_ER_IRQHandler
                0x080056ec                LPTIM1_IRQHandler
                0x080056ec                DMAMUX_OVR_IRQHandler
                0x080056ec                USBWakeUp_IRQHandler
                0x080056ec                SAI1_IRQHandler
                0x080056ec                DMA2_Channel3_IRQHandler
                0x080056ec                COMP4_IRQHandler
                0x080056ec                TIM1_BRK_TIM15_IRQHandler
 *fill*         0x080056ee        0x2 
 .text.BSP_LED_Init
                0x080056f0       0x70 ./Drivers/BSP/STM32G4xx_Nucleo/stm32g4xx_nucleo.o
                0x080056f0                BSP_LED_Init
 .text.BSP_LED_Toggle
                0x08005760       0x2c ./Drivers/BSP/STM32G4xx_Nucleo/stm32g4xx_nucleo.o
                0x08005760                BSP_LED_Toggle
 .text.HAL_Init
                0x0800578c       0x30 ./Drivers/STM32G4xx_HAL_Driver/Src/stm32g4xx_hal.o
                0x0800578c                HAL_Init
 .text.HAL_InitTick
                0x080057bc       0x74 ./Drivers/STM32G4xx_HAL_Driver/Src/stm32g4xx_hal.o
                0x080057bc                HAL_InitTick
 .text.HAL_IncTick
                0x08005830       0x24 ./Drivers/STM32G4xx_HAL_Driver/Src/stm32g4xx_hal.o
                0x08005830                HAL_IncTick
 .text.HAL_GetTick
                0x08005854       0x18 ./Drivers/STM32G4xx_HAL_Driver/Src/stm32g4xx_hal.o
                0x08005854                HAL_GetTick
 .text.HAL_Delay
                0x0800586c       0x44 ./Drivers/STM32G4xx_HAL_Driver/Src/stm32g4xx_hal.o
                0x0800586c                HAL_Delay
 .text.__NVIC_SetPriorityGrouping
                0x080058b0       0x48 ./Drivers/STM32G4xx_HAL_Driver/Src/stm32g4xx_hal_cortex.o
 .text.__NVIC_GetPriorityGrouping
                0x080058f8       0x1c ./Drivers/STM32G4xx_HAL_Driver/Src/stm32g4xx_hal_cortex.o
 .text.__NVIC_EnableIRQ
                0x08005914       0x3c ./Drivers/STM32G4xx_HAL_Driver/Src/stm32g4xx_hal_cortex.o
 .text.__NVIC_SetPriority
                0x08005950       0x54 ./Drivers/STM32G4xx_HAL_Driver/Src/stm32g4xx_hal_cortex.o
 .text.NVIC_EncodePriority
                0x080059a4       0x66 ./Drivers/STM32G4xx_HAL_Driver/Src/stm32g4xx_hal_cortex.o
 *fill*         0x08005a0a        0x2 
 .text.SysTick_Config
                0x08005a0c       0x44 ./Drivers/STM32G4xx_HAL_Driver/Src/stm32g4xx_hal_cortex.o
 .text.HAL_NVIC_SetPriorityGrouping
                0x08005a50       0x40 ./Drivers/STM32G4xx_HAL_Driver/Src/stm32g4xx_hal_cortex.o
                0x08005a50                HAL_NVIC_SetPriorityGrouping
 .text.HAL_NVIC_SetPriority
                0x08005a90       0x54 ./Drivers/STM32G4xx_HAL_Driver/Src/stm32g4xx_hal_cortex.o
                0x08005a90                HAL_NVIC_SetPriority
 .text.HAL_NVIC_EnableIRQ
                0x08005ae4       0x30 ./Drivers/STM32G4xx_HAL_Driver/Src/stm32g4xx_hal_cortex.o
                0x08005ae4                HAL_NVIC_EnableIRQ
 .text.HAL_SYSTICK_Config
                0x08005b14       0x18 ./Drivers/STM32G4xx_HAL_Driver/Src/stm32g4xx_hal_cortex.o
                0x08005b14                HAL_SYSTICK_Config
 .text.HAL_DMA_Init
                0x08005b2c      0x2fc ./Drivers/STM32G4xx_HAL_Driver/Src/stm32g4xx_hal_dma.o
                0x08005b2c                HAL_DMA_Init
 .text.HAL_DMA_Start_IT
                0x08005e28      0x114 ./Drivers/STM32G4xx_HAL_Driver/Src/stm32g4xx_hal_dma.o
                0x08005e28                HAL_DMA_Start_IT
 .text.HAL_DMA_Abort
                0x08005f3c       0xbc ./Drivers/STM32G4xx_HAL_Driver/Src/stm32g4xx_hal_dma.o
                0x08005f3c                HAL_DMA_Abort
 .text.HAL_DMA_Abort_IT
                0x08005ff8       0xce ./Drivers/STM32G4xx_HAL_Driver/Src/stm32g4xx_hal_dma.o
                0x08005ff8                HAL_DMA_Abort_IT
 .text.HAL_DMA_IRQHandler
                0x080060c6      0x15e ./Drivers/STM32G4xx_HAL_Driver/Src/stm32g4xx_hal_dma.o
                0x080060c6                HAL_DMA_IRQHandler
 .text.DMA_SetConfig
                0x08006224       0x7c ./Drivers/STM32G4xx_HAL_Driver/Src/stm32g4xx_hal_dma.o
 .text.DMA_CalcDMAMUXChannelBaseAndMask
                0x080062a0       0x90 ./Drivers/STM32G4xx_HAL_Driver/Src/stm32g4xx_hal_dma.o
 .text.DMA_CalcDMAMUXRequestGenBaseAndMask
                0x08006330       0x4c ./Drivers/STM32G4xx_HAL_Driver/Src/stm32g4xx_hal_dma.o
 .text.HAL_GPIO_Init
                0x0800637c      0x4bc ./Drivers/STM32G4xx_HAL_Driver/Src/stm32g4xx_hal_gpio.o
                0x0800637c                HAL_GPIO_Init
 .text.HAL_GPIO_ReadPin
                0x08006838       0x40 ./Drivers/STM32G4xx_HAL_Driver/Src/stm32g4xx_hal_gpio.o
                0x08006838                HAL_GPIO_ReadPin
 .text.HAL_GPIO_WritePin
                0x08006878       0x58 ./Drivers/STM32G4xx_HAL_Driver/Src/stm32g4xx_hal_gpio.o
                0x08006878                HAL_GPIO_WritePin
 .text.HAL_GPIO_TogglePin
                0x080068d0       0x44 ./Drivers/STM32G4xx_HAL_Driver/Src/stm32g4xx_hal_gpio.o
                0x080068d0                HAL_GPIO_TogglePin
 .text.HAL_I2C_Init
                0x08006914      0x24c ./Drivers/STM32G4xx_HAL_Driver/Src/stm32g4xx_hal_i2c.o
                0x08006914                HAL_I2C_Init
 .text.HAL_I2C_Master_Transmit
                0x08006b60      0x230 ./Drivers/STM32G4xx_HAL_Driver/Src/stm32g4xx_hal_i2c.o
                0x08006b60                HAL_I2C_Master_Transmit
 .text.HAL_I2C_GetState
                0x08006d90       0x1c ./Drivers/STM32G4xx_HAL_Driver/Src/stm32g4xx_hal_i2c.o
                0x08006d90                HAL_I2C_GetState
 .text.I2C_Flush_TXDR
                0x08006dac       0x48 ./Drivers/STM32G4xx_HAL_Driver/Src/stm32g4xx_hal_i2c.o
 .text.I2C_WaitOnFlagUntilTimeout
                0x08006df4       0xb2 ./Drivers/STM32G4xx_HAL_Driver/Src/stm32g4xx_hal_i2c.o
 .text.I2C_WaitOnTXISFlagUntilTimeout
                0x08006ea6       0x8e ./Drivers/STM32G4xx_HAL_Driver/Src/stm32g4xx_hal_i2c.o
 .text.I2C_WaitOnSTOPFlagUntilTimeout
                0x08006f34       0x86 ./Drivers/STM32G4xx_HAL_Driver/Src/stm32g4xx_hal_i2c.o
 *fill*         0x08006fba        0x2 
 .text.I2C_IsErrorOccurred
                0x08006fbc      0x1c0 ./Drivers/STM32G4xx_HAL_Driver/Src/stm32g4xx_hal_i2c.o
 .text.I2C_TransferConfig
                0x0800717c       0xec ./Drivers/STM32G4xx_HAL_Driver/Src/stm32g4xx_hal_i2c.o
 .text.HAL_I2CEx_ConfigAnalogFilter
                0x08007268       0xe0 ./Drivers/STM32G4xx_HAL_Driver/Src/stm32g4xx_hal_i2c_ex.o
                0x08007268                HAL_I2CEx_ConfigAnalogFilter
 .text.HAL_I2CEx_ConfigDigitalFilter
                0x08007348       0xd8 ./Drivers/STM32G4xx_HAL_Driver/Src/stm32g4xx_hal_i2c_ex.o
                0x08007348                HAL_I2CEx_ConfigDigitalFilter
 .text.HAL_PWREx_ControlVoltageScaling
                0x08007420      0x168 ./Drivers/STM32G4xx_HAL_Driver/Src/stm32g4xx_hal_pwr_ex.o
                0x08007420                HAL_PWREx_ControlVoltageScaling
 .text.HAL_PWREx_DisableUCPDDeadBattery
                0x08007588       0x20 ./Drivers/STM32G4xx_HAL_Driver/Src/stm32g4xx_hal_pwr_ex.o
                0x08007588                HAL_PWREx_DisableUCPDDeadBattery
 .text.HAL_RCC_OscConfig
                0x080075a8      0x818 ./Drivers/STM32G4xx_HAL_Driver/Src/stm32g4xx_hal_rcc.o
                0x080075a8                HAL_RCC_OscConfig
 .text.HAL_RCC_ClockConfig
                0x08007dc0      0x3fc ./Drivers/STM32G4xx_HAL_Driver/Src/stm32g4xx_hal_rcc.o
                0x08007dc0                HAL_RCC_ClockConfig
 .text.HAL_RCC_GetSysClockFreq
                0x080081bc       0xc4 ./Drivers/STM32G4xx_HAL_Driver/Src/stm32g4xx_hal_rcc.o
                0x080081bc                HAL_RCC_GetSysClockFreq
 .text.HAL_RCC_GetHCLKFreq
                0x08008280       0x18 ./Drivers/STM32G4xx_HAL_Driver/Src/stm32g4xx_hal_rcc.o
                0x08008280                HAL_RCC_GetHCLKFreq
 .text.HAL_RCC_GetPCLK1Freq
                0x08008298       0x2c ./Drivers/STM32G4xx_HAL_Driver/Src/stm32g4xx_hal_rcc.o
                0x08008298                HAL_RCC_GetPCLK1Freq
 .text.HAL_RCC_GetPCLK2Freq
                0x080082c4       0x2c ./Drivers/STM32G4xx_HAL_Driver/Src/stm32g4xx_hal_rcc.o
                0x080082c4                HAL_RCC_GetPCLK2Freq
 .text.RCC_GetSysClockFreqFromPLLSource
                0x080082f0       0x8c ./Drivers/STM32G4xx_HAL_Driver/Src/stm32g4xx_hal_rcc.o
 .text.HAL_RCCEx_PeriphCLKConfig
                0x0800837c      0x740 ./Drivers/STM32G4xx_HAL_Driver/Src/stm32g4xx_hal_rcc_ex.o
                0x0800837c                HAL_RCCEx_PeriphCLKConfig
 .text.HAL_TIM_Base_Init
                0x08008abc      0x230 ./Drivers/STM32G4xx_HAL_Driver/Src/stm32g4xx_hal_tim.o
                0x08008abc                HAL_TIM_Base_Init
 .text.HAL_TIM_PWM_Init
                0x08008cec      0x230 ./Drivers/STM32G4xx_HAL_Driver/Src/stm32g4xx_hal_tim.o
                0x08008cec                HAL_TIM_PWM_Init
 .text.HAL_TIM_PWM_MspInit
                0x08008f1c       0x14 ./Drivers/STM32G4xx_HAL_Driver/Src/stm32g4xx_hal_tim.o
                0x08008f1c                HAL_TIM_PWM_MspInit
 .text.HAL_TIM_PWM_Start
                0x08008f30      0x320 ./Drivers/STM32G4xx_HAL_Driver/Src/stm32g4xx_hal_tim.o
                0x08008f30                HAL_TIM_PWM_Start
 .text.HAL_TIM_IC_Init
                0x08009250      0x230 ./Drivers/STM32G4xx_HAL_Driver/Src/stm32g4xx_hal_tim.o
                0x08009250                HAL_TIM_IC_Init
 .text.HAL_TIM_IC_MspInit
                0x08009480       0x14 ./Drivers/STM32G4xx_HAL_Driver/Src/stm32g4xx_hal_tim.o
                0x08009480                HAL_TIM_IC_MspInit
 .text.HAL_TIM_IC_Start
                0x08009494      0x308 ./Drivers/STM32G4xx_HAL_Driver/Src/stm32g4xx_hal_tim.o
                0x08009494                HAL_TIM_IC_Start
 .text.HAL_TIM_IC_Start_IT
                0x0800979c      0x3b0 ./Drivers/STM32G4xx_HAL_Driver/Src/stm32g4xx_hal_tim.o
                0x0800979c                HAL_TIM_IC_Start_IT
 .text.HAL_TIM_Encoder_Init
                0x08009b4c      0x3f0 ./Drivers/STM32G4xx_HAL_Driver/Src/stm32g4xx_hal_tim.o
                0x08009b4c                HAL_TIM_Encoder_Init
 .text.HAL_TIM_Encoder_Start
                0x08009f3c      0x16c ./Drivers/STM32G4xx_HAL_Driver/Src/stm32g4xx_hal_tim.o
                0x08009f3c                HAL_TIM_Encoder_Start
 .text.HAL_TIM_IRQHandler
                0x0800a0a8      0x29e ./Drivers/STM32G4xx_HAL_Driver/Src/stm32g4xx_hal_tim.o
                0x0800a0a8                HAL_TIM_IRQHandler
 *fill*         0x0800a346        0x2 
 .text.HAL_TIM_IC_ConfigChannel
                0x0800a348      0x308 ./Drivers/STM32G4xx_HAL_Driver/Src/stm32g4xx_hal_tim.o
                0x0800a348                HAL_TIM_IC_ConfigChannel
 .text.HAL_TIM_PWM_ConfigChannel
                0x0800a650      0x46c ./Drivers/STM32G4xx_HAL_Driver/Src/stm32g4xx_hal_tim.o
                0x0800a650                HAL_TIM_PWM_ConfigChannel
 .text.HAL_TIM_ConfigClockSource
                0x0800aabc      0xa18 ./Drivers/STM32G4xx_HAL_Driver/Src/stm32g4xx_hal_tim.o
                0x0800aabc                HAL_TIM_ConfigClockSource
 .text.HAL_TIM_SlaveConfigSynchro
                0x0800b4d4      0x428 ./Drivers/STM32G4xx_HAL_Driver/Src/stm32g4xx_hal_tim.o
                0x0800b4d4                HAL_TIM_SlaveConfigSynchro
 .text.HAL_TIM_ReadCapturedValue
                0x0800b8fc      0x1bc ./Drivers/STM32G4xx_HAL_Driver/Src/stm32g4xx_hal_tim.o
                0x0800b8fc                HAL_TIM_ReadCapturedValue
 .text.HAL_TIM_PeriodElapsedCallback
                0x0800bab8       0x14 ./Drivers/STM32G4xx_HAL_Driver/Src/stm32g4xx_hal_tim.o
                0x0800bab8                HAL_TIM_PeriodElapsedCallback
 .text.HAL_TIM_OC_DelayElapsedCallback
                0x0800bacc       0x14 ./Drivers/STM32G4xx_HAL_Driver/Src/stm32g4xx_hal_tim.o
                0x0800bacc                HAL_TIM_OC_DelayElapsedCallback
 .text.HAL_TIM_PWM_PulseFinishedCallback
                0x0800bae0       0x14 ./Drivers/STM32G4xx_HAL_Driver/Src/stm32g4xx_hal_tim.o
                0x0800bae0                HAL_TIM_PWM_PulseFinishedCallback
 .text.HAL_TIM_TriggerCallback
                0x0800baf4       0x14 ./Drivers/STM32G4xx_HAL_Driver/Src/stm32g4xx_hal_tim.o
                0x0800baf4                HAL_TIM_TriggerCallback
 .text.TIM_Base_SetConfig
                0x0800bb08      0x12c ./Drivers/STM32G4xx_HAL_Driver/Src/stm32g4xx_hal_tim.o
                0x0800bb08                TIM_Base_SetConfig
 .text.TIM_OC1_SetConfig
                0x0800bc34      0x178 ./Drivers/STM32G4xx_HAL_Driver/Src/stm32g4xx_hal_tim.o
 .text.TIM_OC2_SetConfig
                0x0800bdac      0x168 ./Drivers/STM32G4xx_HAL_Driver/Src/stm32g4xx_hal_tim.o
                0x0800bdac                TIM_OC2_SetConfig
 .text.TIM_OC3_SetConfig
                0x0800bf14      0x168 ./Drivers/STM32G4xx_HAL_Driver/Src/stm32g4xx_hal_tim.o
 .text.TIM_OC4_SetConfig
                0x0800c07c      0x168 ./Drivers/STM32G4xx_HAL_Driver/Src/stm32g4xx_hal_tim.o
 .text.TIM_OC5_SetConfig
                0x0800c1e4       0xc8 ./Drivers/STM32G4xx_HAL_Driver/Src/stm32g4xx_hal_tim.o
 .text.TIM_OC6_SetConfig
                0x0800c2ac       0xcc ./Drivers/STM32G4xx_HAL_Driver/Src/stm32g4xx_hal_tim.o
 .text.TIM_SlaveTimer_SetConfig
                0x0800c378      0x6b4 ./Drivers/STM32G4xx_HAL_Driver/Src/stm32g4xx_hal_tim.o
 .text.TIM_TI1_SetConfig
                0x0800ca2c      0x10c ./Drivers/STM32G4xx_HAL_Driver/Src/stm32g4xx_hal_tim.o
                0x0800ca2c                TIM_TI1_SetConfig
 .text.TIM_TI1_ConfigInputStage
                0x0800cb38       0xa8 ./Drivers/STM32G4xx_HAL_Driver/Src/stm32g4xx_hal_tim.o
 .text.TIM_TI2_SetConfig
                0x0800cbe0       0xa0 ./Drivers/STM32G4xx_HAL_Driver/Src/stm32g4xx_hal_tim.o
 .text.TIM_TI2_ConfigInputStage
                0x0800cc80       0x84 ./Drivers/STM32G4xx_HAL_Driver/Src/stm32g4xx_hal_tim.o
 .text.TIM_TI3_SetConfig
                0x0800cd04       0x9c ./Drivers/STM32G4xx_HAL_Driver/Src/stm32g4xx_hal_tim.o
 .text.TIM_TI4_SetConfig
                0x0800cda0       0xa0 ./Drivers/STM32G4xx_HAL_Driver/Src/stm32g4xx_hal_tim.o
 .text.TIM_ITRx_SetConfig
                0x0800ce40       0x3a ./Drivers/STM32G4xx_HAL_Driver/Src/stm32g4xx_hal_tim.o
 .text.TIM_ETR_SetConfig
                0x0800ce7a       0x40 ./Drivers/STM32G4xx_HAL_Driver/Src/stm32g4xx_hal_tim.o
                0x0800ce7a                TIM_ETR_SetConfig
 *fill*         0x0800ceba        0x2 
 .text.TIM_CCxChannelCmd
                0x0800cebc       0xe4 ./Drivers/STM32G4xx_HAL_Driver/Src/stm32g4xx_hal_tim.o
                0x0800cebc                TIM_CCxChannelCmd
 .text.HAL_TIMEx_MasterConfigSynchronization
                0x0800cfa0      0x2a0 ./Drivers/STM32G4xx_HAL_Driver/Src/stm32g4xx_hal_tim_ex.o
                0x0800cfa0                HAL_TIMEx_MasterConfigSynchronization
 .text.HAL_TIMEx_ConfigBreakDeadTime
                0x0800d240      0x2d0 ./Drivers/STM32G4xx_HAL_Driver/Src/stm32g4xx_hal_tim_ex.o
                0x0800d240                HAL_TIMEx_ConfigBreakDeadTime
 .text.HAL_TIMEx_CommutCallback
                0x0800d510       0x14 ./Drivers/STM32G4xx_HAL_Driver/Src/stm32g4xx_hal_tim_ex.o
                0x0800d510                HAL_TIMEx_CommutCallback
 .text.HAL_TIMEx_BreakCallback
                0x0800d524       0x14 ./Drivers/STM32G4xx_HAL_Driver/Src/stm32g4xx_hal_tim_ex.o
                0x0800d524                HAL_TIMEx_BreakCallback
 .text.HAL_TIMEx_Break2Callback
                0x0800d538       0x14 ./Drivers/STM32G4xx_HAL_Driver/Src/stm32g4xx_hal_tim_ex.o
                0x0800d538                HAL_TIMEx_Break2Callback
 .text.HAL_TIMEx_EncoderIndexCallback
                0x0800d54c       0x14 ./Drivers/STM32G4xx_HAL_Driver/Src/stm32g4xx_hal_tim_ex.o
                0x0800d54c                HAL_TIMEx_EncoderIndexCallback
 .text.HAL_TIMEx_DirectionChangeCallback
                0x0800d560       0x14 ./Drivers/STM32G4xx_HAL_Driver/Src/stm32g4xx_hal_tim_ex.o
                0x0800d560                HAL_TIMEx_DirectionChangeCallback
 .text.HAL_TIMEx_IndexErrorCallback
                0x0800d574       0x14 ./Drivers/STM32G4xx_HAL_Driver/Src/stm32g4xx_hal_tim_ex.o
                0x0800d574                HAL_TIMEx_IndexErrorCallback
 .text.HAL_TIMEx_TransitionErrorCallback
                0x0800d588       0x14 ./Drivers/STM32G4xx_HAL_Driver/Src/stm32g4xx_hal_tim_ex.o
                0x0800d588                HAL_TIMEx_TransitionErrorCallback
 .text.HAL_UART_Init
                0x0800d59c      0x13c ./Drivers/STM32G4xx_HAL_Driver/Src/stm32g4xx_hal_uart.o
                0x0800d59c                HAL_UART_Init
 .text.HAL_UART_Transmit_DMA
                0x0800d6d8      0x100 ./Drivers/STM32G4xx_HAL_Driver/Src/stm32g4xx_hal_uart.o
                0x0800d6d8                HAL_UART_Transmit_DMA
 .text.HAL_UART_IRQHandler
                0x0800d7d8      0x684 ./Drivers/STM32G4xx_HAL_Driver/Src/stm32g4xx_hal_uart.o
                0x0800d7d8                HAL_UART_IRQHandler
 .text.HAL_UART_TxCpltCallback
                0x0800de5c       0x14 ./Drivers/STM32G4xx_HAL_Driver/Src/stm32g4xx_hal_uart.o
                0x0800de5c                HAL_UART_TxCpltCallback
 .text.HAL_UART_TxHalfCpltCallback
                0x0800de70       0x14 ./Drivers/STM32G4xx_HAL_Driver/Src/stm32g4xx_hal_uart.o
                0x0800de70                HAL_UART_TxHalfCpltCallback
 .text.HAL_UART_RxCpltCallback
                0x0800de84       0x14 ./Drivers/STM32G4xx_HAL_Driver/Src/stm32g4xx_hal_uart.o
                0x0800de84                HAL_UART_RxCpltCallback
 .text.HAL_UART_RxHalfCpltCallback
                0x0800de98       0x14 ./Drivers/STM32G4xx_HAL_Driver/Src/stm32g4xx_hal_uart.o
                0x0800de98                HAL_UART_RxHalfCpltCallback
 .text.HAL_UART_ErrorCallback
                0x0800deac       0x14 ./Drivers/STM32G4xx_HAL_Driver/Src/stm32g4xx_hal_uart.o
                0x0800deac                HAL_UART_ErrorCallback
 .text.UART_SetConfig
                0x0800dec0      0x75c ./Drivers/STM32G4xx_HAL_Driver/Src/stm32g4xx_hal_uart.o
                0x0800dec0                UART_SetConfig
 .text.UART_AdvFeatureConfig
                0x0800e61c      0x2b0 ./Drivers/STM32G4xx_HAL_Driver/Src/stm32g4xx_hal_uart.o
                0x0800e61c                UART_AdvFeatureConfig
 .text.UART_CheckIdleState
                0x0800e8cc      0x154 ./Drivers/STM32G4xx_HAL_Driver/Src/stm32g4xx_hal_uart.o
                0x0800e8cc                UART_CheckIdleState
 .text.UART_WaitOnFlagUntilTimeout
                0x0800ea20       0xda ./Drivers/STM32G4xx_HAL_Driver/Src/stm32g4xx_hal_uart.o
                0x0800ea20                UART_WaitOnFlagUntilTimeout
 *fill*         0x0800eafa        0x2 
 .text.UART_Start_Receive_DMA
                0x0800eafc      0x14c ./Drivers/STM32G4xx_HAL_Driver/Src/stm32g4xx_hal_uart.o
                0x0800eafc                UART_Start_Receive_DMA
 .text.UART_EndTxTransfer
                0x0800ec48       0x82 ./Drivers/STM32G4xx_HAL_Driver/Src/stm32g4xx_hal_uart.o
 .text.UART_EndRxTransfer
                0x0800ecca       0xcc ./Drivers/STM32G4xx_HAL_Driver/Src/stm32g4xx_hal_uart.o
 .text.UART_DMATransmitCplt
                0x0800ed96       0x9a ./Drivers/STM32G4xx_HAL_Driver/Src/stm32g4xx_hal_uart.o
 .text.UART_DMATxHalfCplt
                0x0800ee30       0x1c ./Drivers/STM32G4xx_HAL_Driver/Src/stm32g4xx_hal_uart.o
 .text.UART_DMAReceiveCplt
                0x0800ee4c      0x162 ./Drivers/STM32G4xx_HAL_Driver/Src/stm32g4xx_hal_uart.o
 .text.UART_DMARxHalfCplt
                0x0800efae       0x72 ./Drivers/STM32G4xx_HAL_Driver/Src/stm32g4xx_hal_uart.o
 .text.UART_DMAError
                0x0800f020       0x70 ./Drivers/STM32G4xx_HAL_Driver/Src/stm32g4xx_hal_uart.o
 .text.UART_DMAAbortOnError
                0x0800f090       0x1c ./Drivers/STM32G4xx_HAL_Driver/Src/stm32g4xx_hal_uart.o
 .text.UART_EndTransmit_IT
                0x0800f0ac       0x56 ./Drivers/STM32G4xx_HAL_Driver/Src/stm32g4xx_hal_uart.o
 .text.HAL_UARTEx_WakeupCallback
                0x0800f102       0x14 ./Drivers/STM32G4xx_HAL_Driver/Src/stm32g4xx_hal_uart_ex.o
                0x0800f102                HAL_UARTEx_WakeupCallback
 .text.HAL_UARTEx_RxFifoFullCallback
                0x0800f116       0x14 ./Drivers/STM32G4xx_HAL_Driver/Src/stm32g4xx_hal_uart_ex.o
                0x0800f116                HAL_UARTEx_RxFifoFullCallback
 .text.HAL_UARTEx_TxFifoEmptyCallback
                0x0800f12a       0x14 ./Drivers/STM32G4xx_HAL_Driver/Src/stm32g4xx_hal_uart_ex.o
                0x0800f12a                HAL_UARTEx_TxFifoEmptyCallback
 *fill*         0x0800f13e        0x2 
 .text.HAL_UARTEx_DisableFifoMode
                0x0800f140       0xc4 ./Drivers/STM32G4xx_HAL_Driver/Src/stm32g4xx_hal_uart_ex.o
                0x0800f140                HAL_UARTEx_DisableFifoMode
 .text.HAL_UARTEx_SetTxFifoThreshold
                0x0800f204      0x108 ./Drivers/STM32G4xx_HAL_Driver/Src/stm32g4xx_hal_uart_ex.o
                0x0800f204                HAL_UARTEx_SetTxFifoThreshold
 .text.HAL_UARTEx_SetRxFifoThreshold
                0x0800f30c      0x108 ./Drivers/STM32G4xx_HAL_Driver/Src/stm32g4xx_hal_uart_ex.o
                0x0800f30c                HAL_UARTEx_SetRxFifoThreshold
 .text.HAL_UARTEx_ReceiveToIdle_DMA
                0x0800f414       0xa8 ./Drivers/STM32G4xx_HAL_Driver/Src/stm32g4xx_hal_uart_ex.o
                0x0800f414                HAL_UARTEx_ReceiveToIdle_DMA
 .text.UARTEx_SetNbDataToProcess
                0x0800f4bc       0x9c ./Drivers/STM32G4xx_HAL_Driver/Src/stm32g4xx_hal_uart_ex.o
 .text._strtoll_l.isra.0
                0x0800f558      0x11c C:/ST/STM32CubeIDE_2.1.1/STM32CubeIDE/plugins/com.st.stm32cube.ide.mcu.externaltools.gnu-tools-for-stm32.14.3.rel1.win32_1.0.100.202602081740/tools/bin/../lib/gcc/arm-none-eabi/14.3.1/../../../../arm-none-eabi/lib/thumb/v7e-m+fp/hard\libc_nano.a(libc_a-strtoll.o)
 .text.strtoll  0x0800f674       0x14 C:/ST/STM32CubeIDE_2.1.1/STM32CubeIDE/plugins/com.st.stm32cube.ide.mcu.externaltools.gnu-tools-for-stm32.14.3.rel1.win32_1.0.100.202602081740/tools/bin/../lib/gcc/arm-none-eabi/14.3.1/../../../../arm-none-eabi/lib/thumb/v7e-m+fp/hard\libc_nano.a(libc_a-strtoll.o)
                0x0800f674                strtoll
 .text.__cvt    0x0800f688       0xca C:/ST/STM32CubeIDE_2.1.1/STM32CubeIDE/plugins/com.st.stm32cube.ide.mcu.externaltools.gnu-tools-for-stm32.14.3.rel1.win32_1.0.100.202602081740/tools/bin/../lib/gcc/arm-none-eabi/14.3.1/../../../../arm-none-eabi/lib/thumb/v7e-m+fp/hard\libc_nano.a(libc_a-nano-vfprintf_float.o)
                0x0800f688                __cvt
 .text.__exponent
                0x0800f752       0x74 C:/ST/STM32CubeIDE_2.1.1/STM32CubeIDE/plugins/com.st.stm32cube.ide.mcu.externaltools.gnu-tools-for-stm32.14.3.rel1.win32_1.0.100.202602081740/tools/bin/../lib/gcc/arm-none-eabi/14.3.1/../../../../arm-none-eabi/lib/thumb/v7e-m+fp/hard\libc_nano.a(libc_a-nano-vfprintf_float.o)
                0x0800f752                __exponent
 *fill*         0x0800f7c6        0x2 
 .text._printf_float
                0x0800f7c8      0x450 C:/ST/STM32CubeIDE_2.1.1/STM32CubeIDE/plugins/com.st.stm32cube.ide.mcu.externaltools.gnu-tools-for-stm32.14.3.rel1.win32_1.0.100.202602081740/tools/bin/../lib/gcc/arm-none-eabi/14.3.1/../../../../arm-none-eabi/lib/thumb/v7e-m+fp/hard\libc_nano.a(libc_a-nano-vfprintf_float.o)
                0x0800f7c8                _printf_float
 .text._printf_common
                0x0800fc18       0xda C:/ST/STM32CubeIDE_2.1.1/STM32CubeIDE/plugins/com.st.stm32cube.ide.mcu.externaltools.gnu-tools-for-stm32.14.3.rel1.win32_1.0.100.202602081740/tools/bin/../lib/gcc/arm-none-eabi/14.3.1/../../../../arm-none-eabi/lib/thumb/v7e-m+fp/hard\libc_nano.a(libc_a-nano-vfprintf_i.o)
                0x0800fc18                _printf_common
 *fill*         0x0800fcf2        0x2 
 .text._printf_i
                0x0800fcf4      0x24c C:/ST/STM32CubeIDE_2.1.1/STM32CubeIDE/plugins/com.st.stm32cube.ide.mcu.externaltools.gnu-tools-for-stm32.14.3.rel1.win32_1.0.100.202602081740/tools/bin/../lib/gcc/arm-none-eabi/14.3.1/../../../../arm-none-eabi/lib/thumb/v7e-m+fp/hard\libc_nano.a(libc_a-nano-vfprintf_i.o)
                0x0800fcf4                _printf_i
 .text.std      0x0800ff40       0x6c C:/ST/STM32CubeIDE_2.1.1/STM32CubeIDE/plugins/com.st.stm32cube.ide.mcu.externaltools.gnu-tools-for-stm32.14.3.rel1.win32_1.0.100.202602081740/tools/bin/../lib/gcc/arm-none-eabi/14.3.1/../../../../arm-none-eabi/lib/thumb/v7e-m+fp/hard\libc_nano.a(libc_a-findfp.o)
 .text.stdio_exit_handler
                0x0800ffac       0x18 C:/ST/STM32CubeIDE_2.1.1/STM32CubeIDE/plugins/com.st.stm32cube.ide.mcu.externaltools.gnu-tools-for-stm32.14.3.rel1.win32_1.0.100.202602081740/tools/bin/../lib/gcc/arm-none-eabi/14.3.1/../../../../arm-none-eabi/lib/thumb/v7e-m+fp/hard\libc_nano.a(libc_a-findfp.o)
 .text.cleanup_stdio
                0x0800ffc4       0x40 C:/ST/STM32CubeIDE_2.1.1/STM32CubeIDE/plugins/com.st.stm32cube.ide.mcu.externaltools.gnu-tools-for-stm32.14.3.rel1.win32_1.0.100.202602081740/tools/bin/../lib/gcc/arm-none-eabi/14.3.1/../../../../arm-none-eabi/lib/thumb/v7e-m+fp/hard\libc_nano.a(libc_a-findfp.o)
 .text.global_stdio_init.part.0
                0x08010004       0x40 C:/ST/STM32CubeIDE_2.1.1/STM32CubeIDE/plugins/com.st.stm32cube.ide.mcu.externaltools.gnu-tools-for-stm32.14.3.rel1.win32_1.0.100.202602081740/tools/bin/../lib/gcc/arm-none-eabi/14.3.1/../../../../arm-none-eabi/lib/thumb/v7e-m+fp/hard\libc_nano.a(libc_a-findfp.o)
 .text.__sfp_lock_acquire
                0x08010044        0xc C:/ST/STM32CubeIDE_2.1.1/STM32CubeIDE/plugins/com.st.stm32cube.ide.mcu.externaltools.gnu-tools-for-stm32.14.3.rel1.win32_1.0.100.202602081740/tools/bin/../lib/gcc/arm-none-eabi/14.3.1/../../../../arm-none-eabi/lib/thumb/v7e-m+fp/hard\libc_nano.a(libc_a-findfp.o)
                0x08010044                __sfp_lock_acquire
 .text.__sfp_lock_release
                0x08010050        0xc C:/ST/STM32CubeIDE_2.1.1/STM32CubeIDE/plugins/com.st.stm32cube.ide.mcu.externaltools.gnu-tools-for-stm32.14.3.rel1.win32_1.0.100.202602081740/tools/bin/../lib/gcc/arm-none-eabi/14.3.1/../../../../arm-none-eabi/lib/thumb/v7e-m+fp/hard\libc_nano.a(libc_a-findfp.o)
                0x08010050                __sfp_lock_release
 .text.__sinit  0x0801005c       0x30 C:/ST/STM32CubeIDE_2.1.1/STM32CubeIDE/plugins/com.st.stm32cube.ide.mcu.externaltools.gnu-tools-for-stm32.14.3.rel1.win32_1.0.100.202602081740/tools/bin/../lib/gcc/arm-none-eabi/14.3.1/../../../../arm-none-eabi/lib/thumb/v7e-m+fp/hard\libc_nano.a(libc_a-findfp.o)
                0x0801005c                __sinit
 .text._fwalk_sglue
                0x0801008c       0x3c C:/ST/STM32CubeIDE_2.1.1/STM32CubeIDE/plugins/com.st.stm32cube.ide.mcu.externaltools.gnu-tools-for-stm32.14.3.rel1.win32_1.0.100.202602081740/tools/bin/../lib/gcc/arm-none-eabi/14.3.1/../../../../arm-none-eabi/lib/thumb/v7e-m+fp/hard\libc_nano.a(libc_a-fwalk.o)
                0x0801008c                _fwalk_sglue
 .text.snprintf
                0x080100c8       0x6c C:/ST/STM32CubeIDE_2.1.1/STM32CubeIDE/plugins/com.st.stm32cube.ide.mcu.externaltools.gnu-tools-for-stm32.14.3.rel1.win32_1.0.100.202602081740/tools/bin/../lib/gcc/arm-none-eabi/14.3.1/../../../../arm-none-eabi/lib/thumb/v7e-m+fp/hard\libc_nano.a(libc_a-snprintf.o)
                0x080100c8                sniprintf
                0x080100c8                snprintf
 .text.__sread  0x08010134       0x22 C:/ST/STM32CubeIDE_2.1.1/STM32CubeIDE/plugins/com.st.stm32cube.ide.mcu.externaltools.gnu-tools-for-stm32.14.3.rel1.win32_1.0.100.202602081740/tools/bin/../lib/gcc/arm-none-eabi/14.3.1/../../../../arm-none-eabi/lib/thumb/v7e-m+fp/hard\libc_nano.a(libc_a-stdio.o)
                0x08010134                __sread
 .text.__swrite
                0x08010156       0x38 C:/ST/STM32CubeIDE_2.1.1/STM32CubeIDE/plugins/com.st.stm32cube.ide.mcu.externaltools.gnu-tools-for-stm32.14.3.rel1.win32_1.0.100.202602081740/tools/bin/../lib/gcc/arm-none-eabi/14.3.1/../../../../arm-none-eabi/lib/thumb/v7e-m+fp/hard\libc_nano.a(libc_a-stdio.o)
                0x08010156                __swrite
 .text.__sseek  0x0801018e       0x26 C:/ST/STM32CubeIDE_2.1.1/STM32CubeIDE/plugins/com.st.stm32cube.ide.mcu.externaltools.gnu-tools-for-stm32.14.3.rel1.win32_1.0.100.202602081740/tools/bin/../lib/gcc/arm-none-eabi/14.3.1/../../../../arm-none-eabi/lib/thumb/v7e-m+fp/hard\libc_nano.a(libc_a-stdio.o)
                0x0801018e                __sseek
 .text.__sclose
                0x080101b4        0x8 C:/ST/STM32CubeIDE_2.1.1/STM32CubeIDE/plugins/com.st.stm32cube.ide.mcu.externaltools.gnu-tools-for-stm32.14.3.rel1.win32_1.0.100.202602081740/tools/bin/../lib/gcc/arm-none-eabi/14.3.1/../../../../arm-none-eabi/lib/thumb/v7e-m+fp/hard\libc_nano.a(libc_a-stdio.o)
                0x080101b4                __sclose
 .text.memset   0x080101bc       0x10 C:/ST/STM32CubeIDE_2.1.1/STM32CubeIDE/plugins/com.st.stm32cube.ide.mcu.externaltools.gnu-tools-for-stm32.14.3.rel1.win32_1.0.100.202602081740/tools/bin/../lib/gcc/arm-none-eabi/14.3.1/../../../../arm-none-eabi/lib/thumb/v7e-m+fp/hard\libc_nano.a(libc_a-memset.o)
                0x080101bc                memset
 .text.strchr   0x080101cc       0x1a C:/ST/STM32CubeIDE_2.1.1/STM32CubeIDE/plugins/com.st.stm32cube.ide.mcu.externaltools.gnu-tools-for-stm32.14.3.rel1.win32_1.0.100.202602081740/tools/bin/../lib/gcc/arm-none-eabi/14.3.1/../../../../arm-none-eabi/lib/thumb/v7e-m+fp/hard\libc_nano.a(libc_a-strchr.o)
                0x080101cc                strchr
 .text.strncpy  0x080101e6       0x26 C:/ST/STM32CubeIDE_2.1.1/STM32CubeIDE/plugins/com.st.stm32cube.ide.mcu.externaltools.gnu-tools-for-stm32.14.3.rel1.win32_1.0.100.202602081740/tools/bin/../lib/gcc/arm-none-eabi/14.3.1/../../../../arm-none-eabi/lib/thumb/v7e-m+fp/hard\libc_nano.a(libc_a-strncpy.o)
                0x080101e6                strncpy
 .text.strnlen  0x0801020c       0x18 C:/ST/STM32CubeIDE_2.1.1/STM32CubeIDE/plugins/com.st.stm32cube.ide.mcu.externaltools.gnu-tools-for-stm32.14.3.rel1.win32_1.0.100.202602081740/tools/bin/../lib/gcc/arm-none-eabi/14.3.1/../../../../arm-none-eabi/lib/thumb/v7e-m+fp/hard\libc_nano.a(libc_a-strnlen.o)
                0x0801020c                strnlen
 .text._localeconv_r
                0x08010224        0x8 C:/ST/STM32CubeIDE_2.1.1/STM32CubeIDE/plugins/com.st.stm32cube.ide.mcu.externaltools.gnu-tools-for-stm32.14.3.rel1.win32_1.0.100.202602081740/tools/bin/../lib/gcc/arm-none-eabi/14.3.1/../../../../arm-none-eabi/lib/thumb/v7e-m+fp/hard\libc_nano.a(libc_a-localeconv.o)
                0x08010224                _localeconv_r
 .text._close_r
                0x0801022c       0x20 C:/ST/STM32CubeIDE_2.1.1/STM32CubeIDE/plugins/com.st.stm32cube.ide.mcu.externaltools.gnu-tools-for-stm32.14.3.rel1.win32_1.0.100.202602081740/tools/bin/../lib/gcc/arm-none-eabi/14.3.1/../../../../arm-none-eabi/lib/thumb/v7e-m+fp/hard\libc_nano.a(libc_a-closer.o)
                0x0801022c                _close_r
 .text._lseek_r
                0x0801024c       0x24 C:/ST/STM32CubeIDE_2.1.1/STM32CubeIDE/plugins/com.st.stm32cube.ide.mcu.externaltools.gnu-tools-for-stm32.14.3.rel1.win32_1.0.100.202602081740/tools/bin/../lib/gcc/arm-none-eabi/14.3.1/../../../../arm-none-eabi/lib/thumb/v7e-m+fp/hard\libc_nano.a(libc_a-lseekr.o)
                0x0801024c                _lseek_r
 .text._read_r  0x08010270       0x24 C:/ST/STM32CubeIDE_2.1.1/STM32CubeIDE/plugins/com.st.stm32cube.ide.mcu.externaltools.gnu-tools-for-stm32.14.3.rel1.win32_1.0.100.202602081740/tools/bin/../lib/gcc/arm-none-eabi/14.3.1/../../../../arm-none-eabi/lib/thumb/v7e-m+fp/hard\libc_nano.a(libc_a-readr.o)
                0x08010270                _read_r
 .text._write_r
                0x08010294       0x24 C:/ST/STM32CubeIDE_2.1.1/STM32CubeIDE/plugins/com.st.stm32cube.ide.mcu.externaltools.gnu-tools-for-stm32.14.3.rel1.win32_1.0.100.202602081740/tools/bin/../lib/gcc/arm-none-eabi/14.3.1/../../../../arm-none-eabi/lib/thumb/v7e-m+fp/hard\libc_nano.a(libc_a-writer.o)
                0x08010294                _write_r
 .text.__errno  0x080102b8        0xc C:/ST/STM32CubeIDE_2.1.1/STM32CubeIDE/plugins/com.st.stm32cube.ide.mcu.externaltools.gnu-tools-for-stm32.14.3.rel1.win32_1.0.100.202602081740/tools/bin/../lib/gcc/arm-none-eabi/14.3.1/../../../../arm-none-eabi/lib/thumb/v7e-m+fp/hard\libc_nano.a(libc_a-errno.o)
                0x080102b8                __errno
 .text.__libc_init_array
                0x080102c4       0x48 C:/ST/STM32CubeIDE_2.1.1/STM32CubeIDE/plugins/com.st.stm32cube.ide.mcu.externaltools.gnu-tools-for-stm32.14.3.rel1.win32_1.0.100.202602081740/tools/bin/../lib/gcc/arm-none-eabi/14.3.1/../../../../arm-none-eabi/lib/thumb/v7e-m+fp/hard\libc_nano.a(libc_a-init.o)
                0x080102c4                __libc_init_array
 .text.__retarget_lock_init_recursive
                0x0801030c        0x2 C:/ST/STM32CubeIDE_2.1.1/STM32CubeIDE/plugins/com.st.stm32cube.ide.mcu.externaltools.gnu-tools-for-stm32.14.3.rel1.win32_1.0.100.202602081740/tools/bin/../lib/gcc/arm-none-eabi/14.3.1/../../../../arm-none-eabi/lib/thumb/v7e-m+fp/hard\libc_nano.a(libc_a-lock.o)
                0x0801030c                __retarget_lock_init_recursive
 .text.__retarget_lock_acquire_recursive
                0x0801030e        0x2 C:/ST/STM32CubeIDE_2.1.1/STM32CubeIDE/plugins/com.st.stm32cube.ide.mcu.externaltools.gnu-tools-for-stm32.14.3.rel1.win32_1.0.100.202602081740/tools/bin/../lib/gcc/arm-none-eabi/14.3.1/../../../../arm-none-eabi/lib/thumb/v7e-m+fp/hard\libc_nano.a(libc_a-lock.o)
                0x0801030e                __retarget_lock_acquire_recursive
 .text.__retarget_lock_release_recursive
                0x08010310        0x2 C:/ST/STM32CubeIDE_2.1.1/STM32CubeIDE/plugins/com.st.stm32cube.ide.mcu.externaltools.gnu-tools-for-stm32.14.3.rel1.win32_1.0.100.202602081740/tools/bin/../lib/gcc/arm-none-eabi/14.3.1/../../../../arm-none-eabi/lib/thumb/v7e-m+fp/hard\libc_nano.a(libc_a-lock.o)
                0x08010310                __retarget_lock_release_recursive
 .text.memcpy   0x08010312       0x1c C:/ST/STM32CubeIDE_2.1.1/STM32CubeIDE/plugins/com.st.stm32cube.ide.mcu.externaltools.gnu-tools-for-stm32.14.3.rel1.win32_1.0.100.202602081740/tools/bin/../lib/gcc/arm-none-eabi/14.3.1/../../../../arm-none-eabi/lib/thumb/v7e-m+fp/hard\libc_nano.a(libc_a-memcpy-stub.o)
                0x08010312                memcpy
 .text.quorem   0x0801032e      0x110 C:/ST/STM32CubeIDE_2.1.1/STM32CubeIDE/plugins/com.st.stm32cube.ide.mcu.externaltools.gnu-tools-for-stm32.14.3.rel1.win32_1.0.100.202602081740/tools/bin/../lib/gcc/arm-none-eabi/14.3.1/../../../../arm-none-eabi/lib/thumb/v7e-m+fp/hard\libc_nano.a(libc_a-dtoa.o)
 *fill*         0x0801043e        0x2 
 .text._dtoa_r  0x08010440      0xbb8 C:/ST/STM32CubeIDE_2.1.1/STM32CubeIDE/plugins/com.st.stm32cube.ide.mcu.externaltools.gnu-tools-for-stm32.14.3.rel1.win32_1.0.100.202602081740/tools/bin/../lib/gcc/arm-none-eabi/14.3.1/../../../../arm-none-eabi/lib/thumb/v7e-m+fp/hard\libc_nano.a(libc_a-dtoa.o)
                0x08010440                _dtoa_r
 .text._free_r  0x08010ff8       0x94 C:/ST/STM32CubeIDE_2.1.1/STM32CubeIDE/plugins/com.st.stm32cube.ide.mcu.externaltools.gnu-tools-for-stm32.14.3.rel1.win32_1.0.100.202602081740/tools/bin/../lib/gcc/arm-none-eabi/14.3.1/../../../../arm-none-eabi/lib/thumb/v7e-m+fp/hard\libc_nano.a(libc_a-freer.o)
                0x08010ff8                _free_r
 .text.malloc   0x0801108c       0x10 C:/ST/STM32CubeIDE_2.1.1/STM32CubeIDE/plugins/com.st.stm32cube.ide.mcu.externaltools.gnu-tools-for-stm32.14.3.rel1.win32_1.0.100.202602081740/tools/bin/../lib/gcc/arm-none-eabi/14.3.1/../../../../arm-none-eabi/lib/thumb/v7e-m+fp/hard\libc_nano.a(libc_a-malloc.o)
                0x0801108c                malloc
 .text.sbrk_aligned
                0x0801109c       0x44 C:/ST/STM32CubeIDE_2.1.1/STM32CubeIDE/plugins/com.st.stm32cube.ide.mcu.externaltools.gnu-tools-for-stm32.14.3.rel1.win32_1.0.100.202602081740/tools/bin/../lib/gcc/arm-none-eabi/14.3.1/../../../../arm-none-eabi/lib/thumb/v7e-m+fp/hard\libc_nano.a(libc_a-mallocr.o)
 .text._malloc_r
                0x080110e0      0x100 C:/ST/STM32CubeIDE_2.1.1/STM32CubeIDE/plugins/com.st.stm32cube.ide.mcu.externaltools.gnu-tools-for-stm32.14.3.rel1.win32_1.0.100.202602081740/tools/bin/../lib/gcc/arm-none-eabi/14.3.1/../../../../arm-none-eabi/lib/thumb/v7e-m+fp/hard\libc_nano.a(libc_a-mallocr.o)
                0x080110e0                _malloc_r
 .text.__malloc_lock
                0x080111e0        0xc C:/ST/STM32CubeIDE_2.1.1/STM32CubeIDE/plugins/com.st.stm32cube.ide.mcu.externaltools.gnu-tools-for-stm32.14.3.rel1.win32_1.0.100.202602081740/tools/bin/../lib/gcc/arm-none-eabi/14.3.1/../../../../arm-none-eabi/lib/thumb/v7e-m+fp/hard\libc_nano.a(libc_a-mlock.o)
                0x080111e0                __malloc_lock
 .text.__malloc_unlock
                0x080111ec        0xc C:/ST/STM32CubeIDE_2.1.1/STM32CubeIDE/plugins/com.st.stm32cube.ide.mcu.externaltools.gnu-tools-for-stm32.14.3.rel1.win32_1.0.100.202602081740/tools/bin/../lib/gcc/arm-none-eabi/14.3.1/../../../../arm-none-eabi/lib/thumb/v7e-m+fp/hard\libc_nano.a(libc_a-mlock.o)
                0x080111ec                __malloc_unlock
 .text._Balloc  0x080111f8       0x7c C:/ST/STM32CubeIDE_2.1.1/STM32CubeIDE/plugins/com.st.stm32cube.ide.mcu.externaltools.gnu-tools-for-stm32.14.3.rel1.win32_1.0.100.202602081740/tools/bin/../lib/gcc/arm-none-eabi/14.3.1/../../../../arm-none-eabi/lib/thumb/v7e-m+fp/hard\libc_nano.a(libc_a-mprec.o)
                0x080111f8                _Balloc
 .text._Bfree   0x08011274       0x44 C:/ST/STM32CubeIDE_2.1.1/STM32CubeIDE/plugins/com.st.stm32cube.ide.mcu.externaltools.gnu-tools-for-stm32.14.3.rel1.win32_1.0.100.202602081740/tools/bin/../lib/gcc/arm-none-eabi/14.3.1/../../../../arm-none-eabi/lib/thumb/v7e-m+fp/hard\libc_nano.a(libc_a-mprec.o)
                0x08011274                _Bfree
 .text.__multadd
                0x080112b8       0x8c C:/ST/STM32CubeIDE_2.1.1/STM32CubeIDE/plugins/com.st.stm32cube.ide.mcu.externaltools.gnu-tools-for-stm32.14.3.rel1.win32_1.0.100.202602081740/tools/bin/../lib/gcc/arm-none-eabi/14.3.1/../../../../arm-none-eabi/lib/thumb/v7e-m+fp/hard\libc_nano.a(libc_a-mprec.o)
                0x080112b8                __multadd
 .text.__hi0bits
                0x08011344       0x3e C:/ST/STM32CubeIDE_2.1.1/STM32CubeIDE/plugins/com.st.stm32cube.ide.mcu.externaltools.gnu-tools-for-stm32.14.3.rel1.win32_1.0.100.202602081740/tools/bin/../lib/gcc/arm-none-eabi/14.3.1/../../../../arm-none-eabi/lib/thumb/v7e-m+fp/hard\libc_nano.a(libc_a-mprec.o)
                0x08011344                __hi0bits
 .text.__lo0bits
                0x08011382       0x5a C:/ST/STM32CubeIDE_2.1.1/STM32CubeIDE/plugins/com.st.stm32cube.ide.mcu.externaltools.gnu-tools-for-stm32.14.3.rel1.win32_1.0.100.202602081740/tools/bin/../lib/gcc/arm-none-eabi/14.3.1/../../../../arm-none-eabi/lib/thumb/v7e-m+fp/hard\libc_nano.a(libc_a-mprec.o)
                0x08011382                __lo0bits
 .text.__i2b    0x080113dc       0x2c C:/ST/STM32CubeIDE_2.1.1/STM32CubeIDE/plugins/com.st.stm32cube.ide.mcu.externaltools.gnu-tools-for-stm32.14.3.rel1.win32_1.0.100.202602081740/tools/bin/../lib/gcc/arm-none-eabi/14.3.1/../../../../arm-none-eabi/lib/thumb/v7e-m+fp/hard\libc_nano.a(libc_a-mprec.o)
                0x080113dc                __i2b
 .text.__multiply
                0x08011408      0x154 C:/ST/STM32CubeIDE_2.1.1/STM32CubeIDE/plugins/com.st.stm32cube.ide.mcu.externaltools.gnu-tools-for-stm32.14.3.rel1.win32_1.0.100.202602081740/tools/bin/../lib/gcc/arm-none-eabi/14.3.1/../../../../arm-none-eabi/lib/thumb/v7e-m+fp/hard\libc_nano.a(libc_a-mprec.o)
                0x08011408                __multiply
 .text.__pow5mult
                0x0801155c       0xb8 C:/ST/STM32CubeIDE_2.1.1/STM32CubeIDE/plugins/com.st.stm32cube.ide.mcu.externaltools.gnu-tools-for-stm32.14.3.rel1.win32_1.0.100.202602081740/tools/bin/../lib/gcc/arm-none-eabi/14.3.1/../../../../arm-none-eabi/lib/thumb/v7e-m+fp/hard\libc_nano.a(libc_a-mprec.o)
                0x0801155c                __pow5mult
 .text.__lshift
                0x08011614       0xdc C:/ST/STM32CubeIDE_2.1.1/STM32CubeIDE/plugins/com.st.stm32cube.ide.mcu.externaltools.gnu-tools-for-stm32.14.3.rel1.win32_1.0.100.202602081740/tools/bin/../lib/gcc/arm-none-eabi/14.3.1/../../../../arm-none-eabi/lib/thumb/v7e-m+fp/hard\libc_nano.a(libc_a-mprec.o)
                0x08011614                __lshift
 .text.__mcmp   0x080116f0       0x36 C:/ST/STM32CubeIDE_2.1.1/STM32CubeIDE/plugins/com.st.stm32cube.ide.mcu.externaltools.gnu-tools-for-stm32.14.3.rel1.win32_1.0.100.202602081740/tools/bin/../lib/gcc/arm-none-eabi/14.3.1/../../../../arm-none-eabi/lib/thumb/v7e-m+fp/hard\libc_nano.a(libc_a-mprec.o)
                0x080116f0                __mcmp
 *fill*         0x08011726        0x2 
 .text.__mdiff  0x08011728      0x130 C:/ST/STM32CubeIDE_2.1.1/STM32CubeIDE/plugins/com.st.stm32cube.ide.mcu.externaltools.gnu-tools-for-stm32.14.3.rel1.win32_1.0.100.202602081740/tools/bin/../lib/gcc/arm-none-eabi/14.3.1/../../../../arm-none-eabi/lib/thumb/v7e-m+fp/hard\libc_nano.a(libc_a-mprec.o)
                0x08011728                __mdiff
 .text.__d2b    0x08011858       0xb0 C:/ST/STM32CubeIDE_2.1.1/STM32CubeIDE/plugins/com.st.stm32cube.ide.mcu.externaltools.gnu-tools-for-stm32.14.3.rel1.win32_1.0.100.202602081740/tools/bin/../lib/gcc/arm-none-eabi/14.3.1/../../../../arm-none-eabi/lib/thumb/v7e-m+fp/hard\libc_nano.a(libc_a-mprec.o)
                0x08011858                __d2b
 .text.__ssputs_r
                0x08011908       0xc0 C:/ST/STM32CubeIDE_2.1.1/STM32CubeIDE/plugins/com.st.stm32cube.ide.mcu.externaltools.gnu-tools-for-stm32.14.3.rel1.win32_1.0.100.202602081740/tools/bin/../lib/gcc/arm-none-eabi/14.3.1/../../../../arm-none-eabi/lib/thumb/v7e-m+fp/hard\libc_nano.a(libc_a-nano-svfprintf.o)
                0x08011908                __ssputs_r
 .text._svfprintf_r
                0x080119c8      0x1f0 C:/ST/STM32CubeIDE_2.1.1/STM32CubeIDE/plugins/com.st.stm32cube.ide.mcu.externaltools.gnu-tools-for-stm32.14.3.rel1.win32_1.0.100.202602081740/tools/bin/../lib/gcc/arm-none-eabi/14.3.1/../../../../arm-none-eabi/lib/thumb/v7e-m+fp/hard\libc_nano.a(libc_a-nano-svfprintf.o)
                0x080119c8                _svfiprintf_r
                0x080119c8                _svfprintf_r
 .text.__sflush_r
                0x08011bb8      0x104 C:/ST/STM32CubeIDE_2.1.1/STM32CubeIDE/plugins/com.st.stm32cube.ide.mcu.externaltools.gnu-tools-for-stm32.14.3.rel1.win32_1.0.100.202602081740/tools/bin/../lib/gcc/arm-none-eabi/14.3.1/../../../../arm-none-eabi/lib/thumb/v7e-m+fp/hard\libc_nano.a(libc_a-fflush.o)
                0x08011bb8                __sflush_r
 .text._fflush_r
                0x08011cbc       0x50 C:/ST/STM32CubeIDE_2.1.1/STM32CubeIDE/plugins/com.st.stm32cube.ide.mcu.externaltools.gnu-tools-for-stm32.14.3.rel1.win32_1.0.100.202602081740/tools/bin/../lib/gcc/arm-none-eabi/14.3.1/../../../../arm-none-eabi/lib/thumb/v7e-m+fp/hard\libc_nano.a(libc_a-fflush.o)
                0x08011cbc                _fflush_r
 .text.memmove  0x08011d0c       0x32 C:/ST/STM32CubeIDE_2.1.1/STM32CubeIDE/plugins/com.st.stm32cube.ide.mcu.externaltools.gnu-tools-for-stm32.14.3.rel1.win32_1.0.100.202602081740/tools/bin/../lib/gcc/arm-none-eabi/14.3.1/../../../../arm-none-eabi/lib/thumb/v7e-m+fp/hard\libc_nano.a(libc_a-memmove.o)
                0x08011d0c                memmove
 *fill*         0x08011d3e        0x2 
 .text._sbrk_r  0x08011d40       0x20 C:/ST/STM32CubeIDE_2.1.1/STM32CubeIDE/plugins/com.st.stm32cube.ide.mcu.externaltools.gnu-tools-for-stm32.14.3.rel1.win32_1.0.100.202602081740/tools/bin/../lib/gcc/arm-none-eabi/14.3.1/../../../../arm-none-eabi/lib/thumb/v7e-m+fp/hard\libc_nano.a(libc_a-sbrkr.o)
                0x08011d40                _sbrk_r
 .text.__assert_func
                0x08011d60       0x3c C:/ST/STM32CubeIDE_2.1.1/STM32CubeIDE/plugins/com.st.stm32cube.ide.mcu.externaltools.gnu-tools-for-stm32.14.3.rel1.win32_1.0.100.202602081740/tools/bin/../lib/gcc/arm-none-eabi/14.3.1/../../../../arm-none-eabi/lib/thumb/v7e-m+fp/hard\libc_nano.a(libc_a-assert.o)
                0x08011d60                __assert_func
 .text._calloc_r
                0x08011d9c       0x28 C:/ST/STM32CubeIDE_2.1.1/STM32CubeIDE/plugins/com.st.stm32cube.ide.mcu.externaltools.gnu-tools-for-stm32.14.3.rel1.win32_1.0.100.202602081740/tools/bin/../lib/gcc/arm-none-eabi/14.3.1/../../../../arm-none-eabi/lib/thumb/v7e-m+fp/hard\libc_nano.a(libc_a-callocr.o)
                0x08011d9c                _calloc_r
 .text.__ascii_mbtowc
                0x08011dc4       0x24 C:/ST/STM32CubeIDE_2.1.1/STM32CubeIDE/plugins/com.st.stm32cube.ide.mcu.externaltools.gnu-tools-for-stm32.14.3.rel1.win32_1.0.100.202602081740/tools/bin/../lib/gcc/arm-none-eabi/14.3.1/../../../../arm-none-eabi/lib/thumb/v7e-m+fp/hard\libc_nano.a(libc_a-mbtowc_r.o)
                0x08011dc4                __ascii_mbtowc
 .text._realloc_r
                0x08011de8       0x5c C:/ST/STM32CubeIDE_2.1.1/STM32CubeIDE/plugins/com.st.stm32cube.ide.mcu.externaltools.gnu-tools-for-stm32.14.3.rel1.win32_1.0.100.202602081740/tools/bin/../lib/gcc/arm-none-eabi/14.3.1/../../../../arm-none-eabi/lib/thumb/v7e-m+fp/hard\libc_nano.a(libc_a-reallocr.o)
                0x08011de8                _realloc_r
 .text.__ascii_wctomb
                0x08011e44       0x1a C:/ST/STM32CubeIDE_2.1.1/STM32CubeIDE/plugins/com.st.stm32cube.ide.mcu.externaltools.gnu-tools-for-stm32.14.3.rel1.win32_1.0.100.202602081740/tools/bin/../lib/gcc/arm-none-eabi/14.3.1/../../../../arm-none-eabi/lib/thumb/v7e-m+fp/hard\libc_nano.a(libc_a-wctomb_r.o)
                0x08011e44                __ascii_wctomb
 *fill*         0x08011e5e        0x2 
 .text.fprintf  0x08011e60       0x24 C:/ST/STM32CubeIDE_2.1.1/STM32CubeIDE/plugins/com.st.stm32cube.ide.mcu.externaltools.gnu-tools-for-stm32.14.3.rel1.win32_1.0.100.202602081740/tools/bin/../lib/gcc/arm-none-eabi/14.3.1/../../../../arm-none-eabi/lib/thumb/v7e-m+fp/hard\libc_nano.a(libc_a-fprintf.o)
                0x08011e60                fiprintf
                0x08011e60                fprintf
 .text.abort    0x08011e84        0xe C:/ST/STM32CubeIDE_2.1.1/STM32CubeIDE/plugins/com.st.stm32cube.ide.mcu.externaltools.gnu-tools-for-stm32.14.3.rel1.win32_1.0.100.202602081740/tools/bin/../lib/gcc/arm-none-eabi/14.3.1/../../../../arm-none-eabi/lib/thumb/v7e-m+fp/hard\libc_nano.a(libc_a-abort.o)
                0x08011e84                abort
 .text._malloc_usable_size_r
                0x08011e92       0x10 C:/ST/STM32CubeIDE_2.1.1/STM32CubeIDE/plugins/com.st.stm32cube.ide.mcu.externaltools.gnu-tools-for-stm32.14.3.rel1.win32_1.0.100.202602081740/tools/bin/../lib/gcc/arm-none-eabi/14.3.1/../../../../arm-none-eabi/lib/thumb/v7e-m+fp/hard\libc_nano.a(libc_a-msizer.o)
                0x08011e92                _malloc_usable_size_r
 .text.__sfputc_r
                0x08011ea2       0x2e C:/ST/STM32CubeIDE_2.1.1/STM32CubeIDE/plugins/com.st.stm32cube.ide.mcu.externaltools.gnu-tools-for-stm32.14.3.rel1.win32_1.0.100.202602081740/tools/bin/../lib/gcc/arm-none-eabi/14.3.1/../../../../arm-none-eabi/lib/thumb/v7e-m+fp/hard\libc_nano.a(libc_a-nano-vfprintf.o)
 .text.__sfputs_r
                0x08011ed0       0x24 C:/ST/STM32CubeIDE_2.1.1/STM32CubeIDE/plugins/com.st.stm32cube.ide.mcu.externaltools.gnu-tools-for-stm32.14.3.rel1.win32_1.0.100.202602081740/tools/bin/../lib/gcc/arm-none-eabi/14.3.1/../../../../arm-none-eabi/lib/thumb/v7e-m+fp/hard\libc_nano.a(libc_a-nano-vfprintf.o)
                0x08011ed0                __sfputs_r
 .text._vfprintf_r
                0x08011ef4      0x228 C:/ST/STM32CubeIDE_2.1.1/STM32CubeIDE/plugins/com.st.stm32cube.ide.mcu.externaltools.gnu-tools-for-stm32.14.3.rel1.win32_1.0.100.202602081740/tools/bin/../lib/gcc/arm-none-eabi/14.3.1/../../../../arm-none-eabi/lib/thumb/v7e-m+fp/hard\libc_nano.a(libc_a-nano-vfprintf.o)
                0x08011ef4                _vfprintf_r
                0x08011ef4                _vfiprintf_r
 .text.__swbuf_r
                0x0801211c       0x7c C:/ST/STM32CubeIDE_2.1.1/STM32CubeIDE/plugins/com.st.stm32cube.ide.mcu.externaltools.gnu-tools-for-stm32.14.3.rel1.win32_1.0.100.202602081740/tools/bin/../lib/gcc/arm-none-eabi/14.3.1/../../../../arm-none-eabi/lib/thumb/v7e-m+fp/hard\libc_nano.a(libc_a-wbuf.o)
                0x0801211c                __swbuf_r
 .text.__swsetup_r
                0x08012198       0xa8 C:/ST/STM32CubeIDE_2.1.1/STM32CubeIDE/plugins/com.st.stm32cube.ide.mcu.externaltools.gnu-tools-for-stm32.14.3.rel1.win32_1.0.100.202602081740/tools/bin/../lib/gcc/arm-none-eabi/14.3.1/../../../../arm-none-eabi/lib/thumb/v7e-m+fp/hard\libc_nano.a(libc_a-wsetup.o)
                0x08012198                __swsetup_r
 .text._raise_r
                0x08012240       0x50 C:/ST/STM32CubeIDE_2.1.1/STM32CubeIDE/plugins/com.st.stm32cube.ide.mcu.externaltools.gnu-tools-for-stm32.14.3.rel1.win32_1.0.100.202602081740/tools/bin/../lib/gcc/arm-none-eabi/14.3.1/../../../../arm-none-eabi/lib/thumb/v7e-m+fp/hard\libc_nano.a(libc_a-signal.o)
                0x08012240                _raise_r
 .text.raise    0x08012290       0x10 C:/ST/STM32CubeIDE_2.1.1/STM32CubeIDE/plugins/com.st.stm32cube.ide.mcu.externaltools.gnu-tools-for-stm32.14.3.rel1.win32_1.0.100.202602081740/tools/bin/../lib/gcc/arm-none-eabi/14.3.1/../../../../arm-none-eabi/lib/thumb/v7e-m+fp/hard\libc_nano.a(libc_a-signal.o)
                0x08012290                raise
 .text._kill_r  0x080122a0       0x24 C:/ST/STM32CubeIDE_2.1.1/STM32CubeIDE/plugins/com.st.stm32cube.ide.mcu.externaltools.gnu-tools-for-stm32.14.3.rel1.win32_1.0.100.202602081740/tools/bin/../lib/gcc/arm-none-eabi/14.3.1/../../../../arm-none-eabi/lib/thumb/v7e-m+fp/hard\libc_nano.a(libc_a-signalr.o)
                0x080122a0                _kill_r
 .text._getpid_r
                0x080122c4        0x4 C:/ST/STM32CubeIDE_2.1.1/STM32CubeIDE/plugins/com.st.stm32cube.ide.mcu.externaltools.gnu-tools-for-stm32.14.3.rel1.win32_1.0.100.202602081740/tools/bin/../lib/gcc/arm-none-eabi/14.3.1/../../../../arm-none-eabi/lib/thumb/v7e-m+fp/hard\libc_nano.a(libc_a-signalr.o)
                0x080122c4                _getpid_r
 .text.__swhatbuf_r
                0x080122c8       0x48 C:/ST/STM32CubeIDE_2.1.1/STM32CubeIDE/plugins/com.st.stm32cube.ide.mcu.externaltools.gnu-tools-for-stm32.14.3.rel1.win32_1.0.100.202602081740/tools/bin/../lib/gcc/arm-none-eabi/14.3.1/../../../../arm-none-eabi/lib/thumb/v7e-m+fp/hard\libc_nano.a(libc_a-makebuf.o)
                0x080122c8                __swhatbuf_r
 .text.__smakebuf_r
                0x08012310       0x72 C:/ST/STM32CubeIDE_2.1.1/STM32CubeIDE/plugins/com.st.stm32cube.ide.mcu.externaltools.gnu-tools-for-stm32.14.3.rel1.win32_1.0.100.202602081740/tools/bin/../lib/gcc/arm-none-eabi/14.3.1/../../../../arm-none-eabi/lib/thumb/v7e-m+fp/hard\libc_nano.a(libc_a-makebuf.o)
                0x08012310                __smakebuf_r
 *fill*         0x08012382        0x2 
 .text._fstat_r
                0x08012384       0x24 C:/ST/STM32CubeIDE_2.1.1/STM32CubeIDE/plugins/com.st.stm32cube.ide.mcu.externaltools.gnu-tools-for-stm32.14.3.rel1.win32_1.0.100.202602081740/tools/bin/../lib/gcc/arm-none-eabi/14.3.1/../../../../arm-none-eabi/lib/thumb/v7e-m+fp/hard\libc_nano.a(libc_a-fstatr.o)
                0x08012384                _fstat_r
 .text._isatty_r
                0x080123a8       0x20 C:/ST/STM32CubeIDE_2.1.1/STM32CubeIDE/plugins/com.st.stm32cube.ide.mcu.externaltools.gnu-tools-for-stm32.14.3.rel1.win32_1.0.100.202602081740/tools/bin/../lib/gcc/arm-none-eabi/14.3.1/../../../../arm-none-eabi/lib/thumb/v7e-m+fp/hard\libc_nano.a(libc_a-isattyr.o)
                0x080123a8                _isatty_r
 .text.expf     0x080123c8       0x78 C:/ST/STM32CubeIDE_2.1.1/STM32CubeIDE/plugins/com.st.stm32cube.ide.mcu.externaltools.gnu-tools-for-stm32.14.3.rel1.win32_1.0.100.202602081740/tools/bin/../lib/gcc/arm-none-eabi/14.3.1/../../../../arm-none-eabi/lib/thumb/v7e-m+fp/hard\libm.a(libm_a-wf_exp.o)
                0x080123c8                expf
 .text.finitef  0x08012440       0x14 C:/ST/STM32CubeIDE_2.1.1/STM32CubeIDE/plugins/com.st.stm32cube.ide.mcu.externaltools.gnu-tools-for-stm32.14.3.rel1.win32_1.0.100.202602081740/tools/bin/../lib/gcc/arm-none-eabi/14.3.1/../../../../arm-none-eabi/lib/thumb/v7e-m+fp/hard\libm.a(libm_a-sf_finite.o)
                0x08012440                finitef
 .text.__ieee754_expf
                0x08012454      0x1e8 C:/ST/STM32CubeIDE_2.1.1/STM32CubeIDE/plugins/com.st.stm32cube.ide.mcu.externaltools.gnu-tools-for-stm32.14.3.rel1.win32_1.0.100.202602081740/tools/bin/../lib/gcc/arm-none-eabi/14.3.1/../../../../arm-none-eabi/lib/thumb/v7e-m+fp/hard\libm.a(libm_a-ef_exp.o)
                0x08012454                __ieee754_expf
 .text.with_errnof
                0x0801263c       0x1c C:/ST/STM32CubeIDE_2.1.1/STM32CubeIDE/plugins/com.st.stm32cube.ide.mcu.externaltools.gnu-tools-for-stm32.14.3.rel1.win32_1.0.100.202602081740/tools/bin/../lib/gcc/arm-none-eabi/14.3.1/../../../../arm-none-eabi/lib/thumb/v7e-m+fp/hard\libm.a(libm_a-math_errf.o)
 .text.xflowf   0x08012658       0x20 C:/ST/STM32CubeIDE_2.1.1/STM32CubeIDE/plugins/com.st.stm32cube.ide.mcu.externaltools.gnu-tools-for-stm32.14.3.rel1.win32_1.0.100.202602081740/tools/bin/../lib/gcc/arm-none-eabi/14.3.1/../../../../arm-none-eabi/lib/thumb/v7e-m+fp/hard\libm.a(libm_a-math_errf.o)
 .text.__math_uflowf
                0x08012678        0xc C:/ST/STM32CubeIDE_2.1.1/STM32CubeIDE/plugins/com.st.stm32cube.ide.mcu.externaltools.gnu-tools-for-stm32.14.3.rel1.win32_1.0.100.202602081740/tools/bin/../lib/gcc/arm-none-eabi/14.3.1/../../../../arm-none-eabi/lib/thumb/v7e-m+fp/hard\libm.a(libm_a-math_errf.o)
                0x08012678                __math_uflowf
 .text.__math_oflowf
                0x08012684        0xc C:/ST/STM32CubeIDE_2.1.1/STM32CubeIDE/plugins/com.st.stm32cube.ide.mcu.externaltools.gnu-tools-for-stm32.14.3.rel1.win32_1.0.100.202602081740/tools/bin/../lib/gcc/arm-none-eabi/14.3.1/../../../../arm-none-eabi/lib/thumb/v7e-m+fp/hard\libm.a(libm_a-math_errf.o)
                0x08012684                __math_oflowf
 *(.glue_7)
 .glue_7        0x08012690        0x0 linker stubs
 *(.glue_7t)
 .glue_7t       0x08012690        0x0 linker stubs
 *(.eh_frame)
 .eh_frame      0x08012690        0x0 C:/ST/STM32CubeIDE_2.1.1/STM32CubeIDE/plugins/com.st.stm32cube.ide.mcu.externaltools.gnu-tools-for-stm32.14.3.rel1.win32_1.0.100.202602081740/tools/bin/../lib/gcc/arm-none-eabi/14.3.1/thumb/v7e-m+fp/hard/crtbegin.o
 *(.init)
 .init          0x08012690        0x4 C:/ST/STM32CubeIDE_2.1.1/STM32CubeIDE/plugins/com.st.stm32cube.ide.mcu.externaltools.gnu-tools-for-stm32.14.3.rel1.win32_1.0.100.202602081740/tools/bin/../lib/gcc/arm-none-eabi/14.3.1/thumb/v7e-m+fp/hard/crti.o
                0x08012690                _init
 .init          0x08012694        0x8 C:/ST/STM32CubeIDE_2.1.1/STM32CubeIDE/plugins/com.st.stm32cube.ide.mcu.externaltools.gnu-tools-for-stm32.14.3.rel1.win32_1.0.100.202602081740/tools/bin/../lib/gcc/arm-none-eabi/14.3.1/thumb/v7e-m+fp/hard/crtn.o
 *(.fini)
 .fini          0x0801269c        0x4 C:/ST/STM32CubeIDE_2.1.1/STM32CubeIDE/plugins/com.st.stm32cube.ide.mcu.externaltools.gnu-tools-for-stm32.14.3.rel1.win32_1.0.100.202602081740/tools/bin/../lib/gcc/arm-none-eabi/14.3.1/thumb/v7e-m+fp/hard/crti.o
                0x0801269c                _fini
 .fini          0x080126a0        0x8 C:/ST/STM32CubeIDE_2.1.1/STM32CubeIDE/plugins/com.st.stm32cube.ide.mcu.externaltools.gnu-tools-for-stm32.14.3.rel1.win32_1.0.100.202602081740/tools/bin/../lib/gcc/arm-none-eabi/14.3.1/thumb/v7e-m+fp/hard/crtn.o
                0x080126a8                        . = ALIGN (0x4)
                0x080126a8                        _etext = .

.vfp11_veneer   0x080126a8        0x0
 .vfp11_veneer  0x080126a8        0x0 linker stubs

.v4_bx          0x080126a8        0x0
 .v4_bx         0x080126a8        0x0 linker stubs

.iplt           0x080126a8        0x0
 .iplt          0x080126a8        0x0 C:/ST/STM32CubeIDE_2.1.1/STM32CubeIDE/plugins/com.st.stm32cube.ide.mcu.externaltools.gnu-tools-for-stm32.14.3.rel1.win32_1.0.100.202602081740/tools/bin/../lib/gcc/arm-none-eabi/14.3.1/thumb/v7e-m+fp/hard/crtbegin.o

.rodata         0x080126a8     0x11a0
                0x080126a8                        . = ALIGN (0x4)
 *(.rodata)
 .rodata        0x080126a8       0x63 ./Core/Src/json-maker.o
 *fill*         0x0801270b        0x1 
 .rodata        0x0801270c      0x1e0 ./Core/Src/jsonParser.o
 .rodata        0x080128ec       0x48 ./Core/Src/main.o
 .rodata        0x08012934       0x23 ./Core/Src/tiny-json.o
 *fill*         0x08012957        0x1 
 .rodata        0x08012958       0x3b ./Drivers/STM32G4xx_HAL_Driver/Src/stm32g4xx_hal_cortex.o
 *fill*         0x08012993        0x1 
 .rodata        0x08012994       0x38 ./Drivers/STM32G4xx_HAL_Driver/Src/stm32g4xx_hal_dma.o
 .rodata        0x080129cc       0x39 ./Drivers/STM32G4xx_HAL_Driver/Src/stm32g4xx_hal_gpio.o
 *fill*         0x08012a05        0x3 
 .rodata        0x08012a08       0x38 ./Drivers/STM32G4xx_HAL_Driver/Src/stm32g4xx_hal_i2c.o
 .rodata        0x08012a40       0x3b ./Drivers/STM32G4xx_HAL_Driver/Src/stm32g4xx_hal_i2c_ex.o
 *fill*         0x08012a7b        0x1 
 .rodata        0x08012a7c       0x3b ./Drivers/STM32G4xx_HAL_Driver/Src/stm32g4xx_hal_pwr_ex.o
 *fill*         0x08012ab7        0x1 
 .rodata        0x08012ab8       0x38 ./Drivers/STM32G4xx_HAL_Driver/Src/stm32g4xx_hal_rcc.o
 .rodata        0x08012af0       0x3b ./Drivers/STM32G4xx_HAL_Driver/Src/stm32g4xx_hal_rcc_ex.o
 *fill*         0x08012b2b        0x1 
 .rodata        0x08012b2c       0x38 ./Drivers/STM32G4xx_HAL_Driver/Src/stm32g4xx_hal_tim.o
 .rodata        0x08012b64       0x3b ./Drivers/STM32G4xx_HAL_Driver/Src/stm32g4xx_hal_tim_ex.o
 *fill*         0x08012b9f        0x1 
 .rodata        0x08012ba0       0x39 ./Drivers/STM32G4xx_HAL_Driver/Src/stm32g4xx_hal_uart.o
 *fill*         0x08012bd9        0x3 
 .rodata        0x08012bdc       0x3c ./Drivers/STM32G4xx_HAL_Driver/Src/stm32g4xx_hal_uart_ex.o
 *(.rodata*)
 .rodata.F6x8   0x08012c18      0x228 ./Core/Src/OLED.o
                0x08012c18                F6x8
 .rodata.F8X16  0x08012e40      0x5f0 ./Core/Src/OLED.o
                0x08012e40                F8X16
 .rodata.pair.0
                0x08013430       0x10 ./Core/Src/json-maker.o
 .rodata.AHBPrescTable
                0x08013440       0x10 ./Core/Src/system_stm32g4xx.o
                0x08013440                AHBPrescTable
 .rodata.APBPrescTable
                0x08013450        0x8 ./Core/Src/system_stm32g4xx.o
                0x08013450                APBPrescTable
 .rodata.pair.2
                0x08013458       0x10 ./Core/Src/tiny-json.o
 .rodata.min.1  0x08013468       0x15 ./Core/Src/tiny-json.o
 *fill*         0x0801347d        0x3 
 .rodata.max.0  0x08013480       0x14 ./Core/Src/tiny-json.o
 .rodata.UARTPrescTable
                0x08013494       0x18 ./Drivers/STM32G4xx_HAL_Driver/Src/stm32g4xx_hal_uart.o
                0x08013494                UARTPrescTable
 .rodata.numerator.1
                0x080134ac        0x8 ./Drivers/STM32G4xx_HAL_Driver/Src/stm32g4xx_hal_uart_ex.o
 .rodata.denominator.0
                0x080134b4        0x8 ./Drivers/STM32G4xx_HAL_Driver/Src/stm32g4xx_hal_uart_ex.o
 .rodata._ctype_
                0x080134bc      0x101 C:/ST/STM32CubeIDE_2.1.1/STM32CubeIDE/plugins/com.st.stm32cube.ide.mcu.externaltools.gnu-tools-for-stm32.14.3.rel1.win32_1.0.100.202602081740/tools/bin/../lib/gcc/arm-none-eabi/14.3.1/../../../../arm-none-eabi/lib/thumb/v7e-m+fp/hard\libc_nano.a(libc_a-ctype_.o)
                0x080134bc                _ctype_
 .rodata._printf_float.str1.1
                0x080135bd      0x171 C:/ST/STM32CubeIDE_2.1.1/STM32CubeIDE/plugins/com.st.stm32cube.ide.mcu.externaltools.gnu-tools-for-stm32.14.3.rel1.win32_1.0.100.202602081740/tools/bin/../lib/gcc/arm-none-eabi/14.3.1/../../../../arm-none-eabi/lib/thumb/v7e-m+fp/hard\libc_nano.a(libc_a-nano-vfprintf_float.o)
                                 0x12 (size before relaxing)
 .rodata._printf_i.str1.1
                0x0801372e       0x22 C:/ST/STM32CubeIDE_2.1.1/STM32CubeIDE/plugins/com.st.stm32cube.ide.mcu.externaltools.gnu-tools-for-stm32.14.3.rel1.win32_1.0.100.202602081740/tools/bin/../lib/gcc/arm-none-eabi/14.3.1/../../../../arm-none-eabi/lib/thumb/v7e-m+fp/hard\libc_nano.a(libc_a-nano-vfprintf_i.o)
 .rodata._dtoa_r.str1.1
                0x0801372e       0x8f C:/ST/STM32CubeIDE_2.1.1/STM32CubeIDE/plugins/com.st.stm32cube.ide.mcu.externaltools.gnu-tools-for-stm32.14.3.rel1.win32_1.0.100.202602081740/tools/bin/../lib/gcc/arm-none-eabi/14.3.1/../../../../arm-none-eabi/lib/thumb/v7e-m+fp/hard\libc_nano.a(libc_a-dtoa.o)
 .rodata._Balloc.str1.1
                0x0801372e       0x70 C:/ST/STM32CubeIDE_2.1.1/STM32CubeIDE/plugins/com.st.stm32cube.ide.mcu.externaltools.gnu-tools-for-stm32.14.3.rel1.win32_1.0.100.202602081740/tools/bin/../lib/gcc/arm-none-eabi/14.3.1/../../../../arm-none-eabi/lib/thumb/v7e-m+fp/hard\libc_nano.a(libc_a-mprec.o)
 .rodata.__multadd.str1.1
                0x0801372e       0x11 C:/ST/STM32CubeIDE_2.1.1/STM32CubeIDE/plugins/com.st.stm32cube.ide.mcu.externaltools.gnu-tools-for-stm32.14.3.rel1.win32_1.0.100.202602081740/tools/bin/../lib/gcc/arm-none-eabi/14.3.1/../../../../arm-none-eabi/lib/thumb/v7e-m+fp/hard\libc_nano.a(libc_a-mprec.o)
 *fill*         0x0801372e        0x2 