../Core/Src/main.c:94:5:main	72	static
../Core/Src/main.c:218:6:SystemClock_Config	88	static
../Core/Src/main.c:265:13:MX_NVIC_Init	8	static
../Core/Src/main.c:283:13:MX_ADC1_Init	56	static
../Core/Src/main.c:351:13:MX_I2C2_Init	8	static
../Core/Src/main.c:399:13:MX_RTC_Init	8	static
../Core/Src/main.c:436:13:MX_TIM15_Init	40	static
../Core/Src/main.c:482:13:MX_GPIO_Init	40	static
../Core/Src/main.c:506:6:AHT20_Init	32	static
../Core/Src/main.c:524:6:AHT20_Measure	48	static
../Core/Src/main.c:595:6:Error_Handler	4	static,ignoring_inline_asm
