../Core/Src/main.c:94:5:main	72	static
../Core/Src/main.c:216:6:SystemClock_Config	88	static
../Core/Src/main.c:263:13:MX_NVIC_Init	8	static
../Core/Src/main.c:281:13:MX_ADC1_Init	56	static
../Core/Src/main.c:349:13:MX_I2C2_Init	8	static
../Core/Src/main.c:397:13:MX_RTC_Init	8	static
../Core/Src/main.c:434:13:MX_TIM15_Init	40	static
../Core/Src/main.c:480:13:MX_GPIO_Init	40	static
../Core/Src/main.c:504:6:AHT20_Init	32	static
../Core/Src/main.c:522:6:AHT20_Measure	48	static
../Core/Src/main.c:593:6:Error_Handler	4	static,ignoring_inline_asm
