../Core/Src/OLED.c:207:6:OLED_command	24	static
../Core/Src/OLED.c:215:6:OLED_data	24	static
../Core/Src/OLED.c:223:6:OLED_Set_Pos	16	static
../Core/Src/OLED.c:230:6:OLED_Fill	24	static
../Core/Src/OLED.c:242:6:OLED_CLS	24	static
../Core/Src/OLED.c:253:6:SetStartColumn	16	static
../Core/Src/OLED.c:261:6:SetAddressingMode	16	static
../Core/Src/OLED.c:270:6:SetColumnAddress	24	static
../Core/Src/OLED.c:277:6:SetPageAddress	24	static
../Core/Src/OLED.c:284:6:SetStartLine	0	static
../Core/Src/OLED.c:290:6:SetContrastControl	16	static
../Core/Src/OLED.c:296:6:Set_Charge_Pump	16	static
../Core/Src/OLED.c:304:6:Set_Segment_Remap	0	static
../Core/Src/OLED.c:312:6:Set_Entire_Display	0	static
../Core/Src/OLED.c:320:6:Set_Inverse_Display	0	static
../Core/Src/OLED.c:328:6:Set_Multiplex_Ratio	16	static
../Core/Src/OLED.c:334:6:Set_Display_On_Off	0	static
../Core/Src/OLED.c:342:6:SetStartPage	0	static
../Core/Src/OLED.c:348:6:Set_Common_Remap	0	static
../Core/Src/OLED.c:356:6:Set_Display_Offset	16	static
../Core/Src/OLED.c:362:6:Set_Display_Clock	16	static
../Core/Src/OLED.c:370:6:Set_Precharge_Period	16	static
../Core/Src/OLED.c:378:6:Set_Common_Config	16	static
../Core/Src/OLED.c:386:6:Set_VCOMH	16	static
../Core/Src/OLED.c:392:6:Set_NOP	0	static
../Core/Src/OLED.c:397:6:OLED_Init	16	static
../Core/Src/OLED.c:422:6:OLED_P6x8Char	24	static
../Core/Src/OLED.c:437:6:OLED_P8x16Char	40	static
../Core/Src/OLED.c:458:6:OLED_P6x8Str	40	static
../Core/Src/OLED.c:476:6:OLED_P8x16Str	48	static
../Core/Src/OLED.c:502:6:OLED_PrintBMP	48	static
../Core/Src/OLED.c:514:6:OLED_PrintValueC	48	static
../Core/Src/OLED.c:535:6:OLED_PrintValueUC	56	static
../Core/Src/OLED.c:556:6:OLED_PrintValueUC_2dig	40	static
../Core/Src/OLED.c:577:6:OLED_PrintValueUC_8x16	56	static
../Core/Src/OLED.c:599:6:OLED_PrintValueH1	4	static
../Core/Src/OLED.c:604:6:OLED_PrintValueH1_8x16	4	static
../Core/Src/OLED.c:610:6:OLED_PrintValueB	32	static
../Core/Src/OLED.c:624:6:OLED_PrintValueI	64	static
../Core/Src/OLED.c:666:6:OLED_PrintValueI3	48	static
../Core/Src/OLED.c:708:6:OLED_PrintValueFP	48	static
../Core/Src/OLED.c:738:6:OLED_PrintValueF	64	static
../Core/Src/OLED.c:806:6:OLED_Cursor	16	static
