../Core/Src/stm32g4xx_hal_msp.c:62:6:HAL_MspInit	24	static
../Core/Src/stm32g4xx_hal_msp.c:100:6:HAL_ADC_MspInit	80	static
../Core/Src/stm32g4xx_hal_msp.c:137:6:HAL_ADC_MspDeInit	0	static
../Core/Src/stm32g4xx_hal_msp.c:162:6:HAL_I2C_MspInit	104	static
../Core/Src/stm32g4xx_hal_msp.c:209:6:HAL_I2C_MspDeInit	8	static
../Core/Src/stm32g4xx_hal_msp.c:243:6:HAL_RTC_MspInit	80	static
../Core/Src/stm32g4xx_hal_msp.c:279:6:HAL_RTC_MspDeInit	0	static
../Core/Src/stm32g4xx_hal_msp.c:302:6:HAL_TIM_Base_MspInit	8	static
../Core/Src/stm32g4xx_hal_msp.c:325:6:HAL_TIM_Base_MspDeInit	0	static
