../Core/Src/main.c:93:5:main	8	static
../Core/Src/main.c:176:6:SystemClock_Config	88	static
../Core/Src/main.c:223:13:MX_NVIC_Init	8	static
../Core/Src/main.c:241:13:MX_ADC1_Init	56	static
../Core/Src/main.c:309:13:MX_I2C2_Init	8	static
../Core/Src/main.c:357:13:MX_RTC_Init	8	static
../Core/Src/main.c:394:13:MX_TIM15_Init	40	static
../Core/Src/main.c:440:13:MX_GPIO_Init	40	static
../Core/Src/main.c:464:6:AHT20_Init	32	static
../Core/Src/main.c:482:6:AHT20_Measure	48	static
../Core/Src/main.c:551:6:Error_Handler	4	static,ignoring_inline_asm
