../Core/Src/main.c:93:5:main	48	static
../Core/Src/main.c:196:6:SystemClock_Config	88	static
../Core/Src/main.c:246:13:MX_NVIC_Init	8	static
../Core/Src/main.c:264:13:MX_ADC1_Init	56	static
../Core/Src/main.c:339:13:MX_DMA_Init	16	static
../Core/Src/main.c:359:13:MX_I2C2_Init	8	static
../Core/Src/main.c:407:13:MX_RTC_Init	8	static
../Core/Src/main.c:444:13:MX_TIM15_Init	40	static
../Core/Src/main.c:490:13:MX_USART1_UART_Init	8	static
../Core/Src/main.c:538:13:MX_GPIO_Init	40	static
../Core/Src/main.c:606:6:Error_Handler	4	static,ignoring_inline_asm
