../Core/Src/main.c:158:5:main	24	static
../Core/Src/main.c:257:6:SystemClock_Config	88	static
../Core/Src/main.c:304:13:MX_NVIC_Init	8	static
../Core/Src/main.c:322:13:MX_ADC1_Init	56	static
../Core/Src/main.c:390:13:MX_I2C2_Init	8	static
../Core/Src/main.c:438:13:MX_RTC_Init	8	static
../Core/Src/main.c:475:13:MX_TIM15_Init	40	static
../Core/Src/main.c:521:13:MX_GPIO_Init	40	static
../Core/Src/main.c:547:12:trim_read	56	static
../Core/Src/main.c:573:5:BMP280_config	48	static
../Core/Src/main.c:599:12:BMP280_read_raw	32	static
../Core/Src/main.c:642:17:BMP280_compensate_P_int32	32	static
../Core/Src/main.c:672:9:BMP280_compensate_T	24	static
../Core/Src/main.c:684:6:BMP280_wakeup	32	static
../Core/Src/main.c:698:6:BMP280_measure	16	static
../Core/Src/main.c:771:6:Error_Handler	4	static,ignoring_inline_asm
