../Core/Src/main.c:158:5:main	24	static
../Core/Src/main.c:256:6:SystemClock_Config	88	static
../Core/Src/main.c:303:13:MX_NVIC_Init	8	static
../Core/Src/main.c:321:13:MX_ADC1_Init	56	static
../Core/Src/main.c:389:13:MX_I2C2_Init	8	static
../Core/Src/main.c:437:13:MX_RTC_Init	8	static
../Core/Src/main.c:474:13:MX_TIM15_Init	40	static
../Core/Src/main.c:520:13:MX_GPIO_Init	40	static
../Core/Src/main.c:546:12:trim_read	56	static
../Core/Src/main.c:572:5:BMP280_config	48	static
../Core/Src/main.c:598:12:BMP280_read_raw	32	static
../Core/Src/main.c:641:17:BMP280_compensate_P_int32	32	static
../Core/Src/main.c:671:9:BMP280_compensate_T	24	static
../Core/Src/main.c:683:6:BMP280_wakeup	32	static
../Core/Src/main.c:697:6:BMP280_measure	16	static
../Core/Src/main.c:770:6:Error_Handler	4	static,ignoring_inline_asm
